05:55:39 isotherm-maker roll rpc=https://testnet-rpc.monad.xyz (Monad/0.16.3) deployment=v1 vault=0xae36cf0a163bAfCde4D40a6Ab7b5E3C762ad7B39 maker=0xd572638F07829D1c3636400FB73CF34Ca6c7448a
05:55:40 roll RCSS:20261008 [preflight] done: v1 deployment (<repo>/deployments/testnet.json); operator=operator 0x602dbf3937558B1d18d76315635fD5410089bd51, market creator=operator, maker=0xd572638F07829D1c3636400FB73CF34Ca6c7448a; close 17:30 local (warm (May-Oct) t99 over 368 complete days 2024-10-01..2026-09-30); Zap registry yes
05:55:42 roll RCSS:20261008 [plan] done: strikes [28,29,30,31] (Polymarket median 29 (https://polymarket.com/event/highest-temperature-in-taipei-on-october-8-2026, fetched 2026-10-07T05:55:41.879Z): P(>=k) 28:0.950 29:0.840 30:0.461 31:0.092)
05:55:44 tx operator      createLadder RCSS 20261008 [28,29,30,31]         used  1200653 limit  1200653 0.1225 MON 1068ms 0x84e4689412…
05:55:44 roll RCSS:20261008 [series] sent: createLadder for [28,29,30,31]
05:55:47 tx maker         approve 0xa9012a -> 0xae36cf                     used    77164 limit    77164 0.0079 MON 996ms 0xee3327c2c1…
05:55:49 tx maker         mintSet >=28 x300                                used   321402 limit   321402 0.0328 MON 1043ms 0xce4fdfca16…
05:55:51 tx maker         mintSet >=29 x300                                used   302896 limit   302896 0.0309 MON 1021ms 0xa1ae45a67b…
05:55:52 tx maker         mintSet >=30 x300                                used   302883 limit   302883 0.0309 MON 1011ms 0x81e151038d…
05:55:54 tx maker         mintSet >=31 x300                                used   302896 limit   302896 0.0309 MON 1065ms 0x14361a8293…
05:55:54 roll RCSS:20261008 [mint] sent: minted >=28:300 >=29:300 >=30:300 >=31:300 complete sets
05:55:56 tx marketCreator Kuru deployProxy YES>=28/AUSD                    used  1467029 limit  1467029 0.1496 MON 1543ms 0x654807efc8…
05:55:56 roll RCSS:20261008 [market] sent: >=28: Kuru market 0x171b4cdE3724f2F17576439e6de8c36142A7DBd7
05:55:58 tx marketCreator Kuru deployProxy YES>=29/AUSD                    used  1467042 limit  1467042 0.1496 MON 1012ms 0x5811d9aab5…
05:55:58 roll RCSS:20261008 [market] sent: >=29: Kuru market 0x855eF3549eA5ACA5602EAefDD988950f16FCc6c2
05:56:00 tx marketCreator Kuru deployProxy YES>=30/AUSD                    used  1467042 limit  1467042 0.1496 MON 1034ms 0x2842fa5afe…
05:56:00 roll RCSS:20261008 [market] sent: >=30: Kuru market 0x702A7a87EDb18D733c624bF766020F3b66eb36DC
05:56:01 tx marketCreator Kuru deployProxy YES>=31/AUSD                    used  1467042 limit  1467042 0.1496 MON 1114ms 0xbacff87202…
05:56:01 roll RCSS:20261008 [market] sent: >=31: Kuru market 0x4f5Ef4Bf256BDD88492C1e394B0D0f06A8265813
05:56:03 tx operator      Zap.setCanonicalMarket >=28                      used   135417 limit   135417 0.0138 MON 1012ms 0x556c453198…
05:56:05 tx operator      Zap.setCanonicalMarket >=29                      used   135417 limit   135417 0.0138 MON 1125ms 0x0061127d7f…
05:56:07 tx operator      Zap.setCanonicalMarket >=30                      used   135404 limit   135404 0.0138 MON 1242ms 0xc1854ed39a…
05:56:09 tx operator      Zap.setCanonicalMarket >=31                      used   135417 limit   135417 0.0138 MON 1036ms 0x820ba490d3…
05:56:09 roll RCSS:20261008 [canonical] done: Zap 0x1ACaf47987Fe570df5d136Ae1CaC0D45E2B8CFb0 canonical market set for [28,29,30,31]
05:56:11 tx maker         margin.deposit AUSD 400                          used   144130 limit   144130 0.0147 MON 1162ms 0xa3018c420d…
05:56:13 tx maker         approve 0x67A911 -> 0xd029C2                     used    68502 limit    68502 0.0070 MON 1007ms 0x03fc28127b…
05:56:15 tx maker         margin.deposit YES>=28 300                       used   164205 limit   164205 0.0167 MON 1091ms 0x415d49d927…
05:56:17 tx maker         approve 0x9D4c41 -> 0xd029C2                     used    68502 limit    68502 0.0070 MON 1021ms 0x63fa2c8440…
05:56:19 tx maker         margin.deposit YES>=29 300                       used   164218 limit   164218 0.0168 MON 1152ms 0xc64ea541da…
05:56:21 tx maker         approve 0xe1f9a7 -> 0xd029C2                     used    68502 limit    68502 0.0070 MON 1028ms 0x3fb4488472…
05:56:23 tx maker         margin.deposit YES>=30 300                       used   164218 limit   164218 0.0168 MON 1197ms 0x30d39c2e5e…
05:56:25 tx maker         approve 0xCC10a4 -> 0xd029C2                     used    68502 limit    68502 0.0070 MON 1052ms 0x6e39637df3…
05:56:27 tx maker         margin.deposit YES>=31 300                       used   164218 limit   164218 0.0168 MON 1033ms 0xde964fe959…
05:56:27 roll RCSS:20261008 [margin] done: margin AUSD >= 400, YES 300 per strike
05:56:32 tx maker         quote >=28 100@0.92 / 100@0.99                   used   582164 limit   582164 0.0594 MON 1117ms 0xb635cafcca…
05:56:35 tx maker         quote >=29 100@0.8 / 100@0.87                    used   582136 limit   582136 0.0594 MON 993ms 0xf3f3286e30…
05:56:37 tx maker         quote >=30 100@0.43 / 100@0.5                    used   582116 limit   582116 0.0594 MON 1186ms 0x8f082133c6…
05:56:40 tx maker         quote >=31 100@0.06 / 100@0.13                   used   582088 limit   582088 0.0594 MON 1135ms 0xc6acdce795…
05:56:40 roll RCSS:20261008 [quotes] done: >=28:quote >=29:quote >=30:quote >=31:quote
