chain 10143 block 68693915 relayer 0xb855f2bCA7C12Db2aA9D70740c6cF40808325c11 user 0x403b560FCD04F6ed702100A197f20473cb192975
PASS  user (fresh embedded wallet) starts with 0 MON
PASS  GaslessDepositor deployed  {"depositor":"0x1ecd98e27c5314007ae20fb5f29063637584cbff","gasUsed":"516431"}
PASS  GET /info  {"relayer":"0xb855f2bCA7C12Db2aA9D70740c6cF40808325c11","chainId":10143,"monBalance":"9.9540","ausdBalance":"0.00","signer":"local-key","depositTo":"0x029049a9dA77231dd86A90E52Fd6Db542424e727","maxRelayAusd":"1000.00"}
PASS  POST /drip minted AUSD to user via faucet (relayer float empty, relayer paid gas)  {"ausd":"10000.00","source":"agora-faucet","gasUsed":"128402","gasLimit":"149246","latencyMs":389}
PASS  second drip within 60 s -> clean 429 (faucet global cooldown)  "AUSD faucet cooling down (global 60 s limit); retry shortly"
PASS  relayer refill() pulled 10,000 AUSD float from faucet  {"ok":true,"txHash":"0x7ad4a1bef4528be1f7ca78652dae8437215dee1e0d7ddcc3f7083adbd42d257e","gasUsed":"128414","gasLimit":"149260"}
PASS  drip #2 paid 1,000 AUSD from relayer float (no faucet dependency)  {"gasUsed":"72049","gasLimit":"82857","latencyMs":438}
PASS  user still has 0 MON after drip
PASS  relayed transferWithAuthorization moved 25 AUSD user -> vault  {"tx":"0x06adef4b1f3d46b2cb74f8ce04dcbbaa195e2102f576bc65fa6c5e405d669604","gasUsed":"112281","gasLimit":"129124","latencyMs":870}
PASS  user paid 0 MON for the deposit
PASS  authorizationState(user, nonce) == true
PASS  replay rejected by relayer policy  "authorization nonce already used"
PASS  replay rejected onchain (AUSD)  "The contract function \"transferWithAuthorization\" reverted with the following signature:"
PASS  tampered value rejected by relayer (sig mismatch)  "signature does not match `from`"
PASS  tampered value rejected onchain (AUSD)  "The contract function \"transferWithAuthorization\" reverted with the following signature:"
PASS  non-allowlisted destination rejected  "destination 0x000000000000000000000000000000000000dEaD not allowlisted for transfer"
PASS  receiveWithAuthorization by non-payee reverts (front-run safe)  "The contract function \"receiveWithAuthorization\" reverted with the following signature:"
PASS  relayed depositWithAuthorization (receiveWithAuthorization) credited 40 AUSD  {"tx":"0x186566ed4547a82397da78b4d6809164538dac97b1c0e04d3b1012e620ca0019","gasUsed":"153346","gasLimit":"176348"}
PASS  permit + depositWithPermit credited 15 AUSD  {"tx":"0xcaf17020b1995ba4dd96058e039f0e8605b79ef55855b9bfa3591261aebff115","gasUsed":"163124","gasLimit":"187593"}
PASS  user still has 0 MON after 3 gasless AUSD movements
PASS  MON drip delivered 0.05 MON  {"tx":["0x1a8da06c2fe0c41c98470278965218f38411b335e07a950b1dc030846d348482"],"latencyMs":465}
PASS  direct embedded-wallet tx (AUSD self-transfer) succeeded with user-paid MON  {"tx":"0xeb61b2406ca0b66521832aeb52b4cd21ff0cf2271760e7755dd4868dce5cbafd","gasUsed":"44237","gasLimit":"51260","effectiveGasPrice":"27516441324","paidWei":"1410492782268240","paidMON":"0.00141049278226824","billedOn":"gas LIMIT (Monad rule)","nodeGasPrice":"27516441324"}

22 passed, 0 failed -> <repo>/spikes/dynamic/evidence/e2e-fork-2026-10-06T13-13-27-468Z.json
