go: downloading github.com/rs/zerolog v1.35.1
go: downloading github.com/spf13/cobra v1.10.2
go: downloading github.com/spf13/pflag v1.0.10
go: downloading github.com/spf13/viper v1.21.0
go: downloading golang.org/x/term v0.45.0
go: downloading github.com/BurntSushi/toml v1.6.0
go: downloading github.com/ethereum/go-ethereum v1.17.4
go: downloading github.com/smartcontractkit/chain-selectors v1.0.111
go: downloading github.com/smartcontractkit/chainlink-evm/gethwrappers v0.0.0-20260512150409-b4068bf735e6
go: downloading github.com/smartcontractkit/chainlink-testing-framework/seth v1.51.5
go: downloading github.com/smartcontractkit/chainlink-evm v0.3.4-0.20260716150153-cd1826496e2d
go: downloading github.com/charmbracelet/bubbles v0.21.1-0.20250623103423-23b8fd6302d7
go: downloading github.com/charmbracelet/bubbletea v1.3.6
go: downloading github.com/charmbracelet/lipgloss v1.1.0
go: downloading github.com/machinebox/graphql v0.2.2
go: downloading github.com/Masterminds/semver/v3 v3.5.0
go: downloading gopkg.in/yaml.v2 v2.4.0
go: downloading github.com/denisbrodbeck/machineid v1.0.1
go: downloading github.com/charmbracelet/huh v0.8.0
go: downloading github.com/joho/godotenv v1.5.1
go: downloading github.com/pkg/errors v0.9.1
go: downloading github.com/smartcontractkit/chainlink-common/keystore v1.2.1-0.20260623104656-f39eba3e2bc6
go: downloading github.com/smartcontractkit/chainlink/deployment v0.0.0-20260521170940-67f9a4b233f8
go: downloading github.com/smartcontractkit/mcms v0.45.0
go: downloading gopkg.in/yaml.v3 v3.0.1
go: downloading sigs.k8s.io/yaml v1.6.0
go: downloading github.com/smartcontractkit/chainlink-common v0.11.2-0.20260806135013-71242167dd64
go: downloading github.com/google/uuid v1.6.0
go: downloading github.com/fsnotify/fsnotify v1.10.1
go: downloading github.com/go-viper/mapstructure/v2 v2.5.0
go: downloading golang.org/x/sys v0.47.0
go: downloading github.com/sagikazarmark/locafero v0.11.0
go: downloading github.com/spf13/afero v1.15.0
go: downloading github.com/spf13/cast v1.10.0
go: downloading github.com/mattn/go-colorable v0.1.14
go: downloading github.com/deckarep/golang-set/v2 v2.9.0
go: downloading github.com/fjl/jsonw v0.1.0
go: downloading github.com/gorilla/websocket v1.5.4-0.20250319132907-e064f32e3674
go: downloading go.opentelemetry.io/otel v1.44.0
go: downloading go.opentelemetry.io/otel/trace v1.44.0
go: downloading github.com/holiman/uint256 v1.3.2
go: downloading github.com/mr-tron/base58 v1.3.0
go: downloading github.com/avast/retry-go v3.0.0+incompatible
go: downloading github.com/awalterschulze/gographviz v2.0.3+incompatible
go: downloading github.com/montanaflynn/stats v0.7.1
go: downloading github.com/pelletier/go-toml/v2 v2.3.1
go: downloading go.uber.org/ratelimit v0.3.1
go: downloading github.com/pelletier/go-toml v1.9.5
go: downloading golang.org/x/sync v0.22.0
go: downloading github.com/andybalholm/brotli v1.2.1
go: downloading github.com/gagliardetto/anchor-go v1.0.0
go: downloading github.com/gagliardetto/binary v0.8.0
go: downloading github.com/go-playground/locales v0.14.1
go: downloading github.com/go-playground/universal-translator v0.18.1
go: downloading github.com/go-playground/validator/v10 v10.30.3
go: downloading github.com/stretchr/testify v1.11.1
go: downloading github.com/smartcontractkit/chainlink/v2 v2.29.1-cre-beta.0.0.20260721144940-aa2a70309776
go: downloading github.com/avast/retry-go/v4 v4.7.0
go: downloading github.com/smartcontractkit/chainlink-protos/cre/go v0.0.0-20260916235422-d73d783612ca
go: downloading github.com/smartcontractkit/chainlink-protos/workflows/go v0.0.0-20260716141634-c0cc05ed05d8
go: downloading go.uber.org/zap v1.28.0
go: downloading golang.org/x/time v0.15.0
go: downloading google.golang.org/protobuf v1.36.11
go: downloading github.com/charmbracelet/x/ansi v0.9.3
go: downloading github.com/sahilm/fuzzy v0.1.1
go: downloading github.com/atotto/clipboard v0.1.4
go: downloading github.com/mattn/go-runewidth v0.0.24
go: downloading github.com/rivo/uniseg v0.4.7
go: downloading github.com/charmbracelet/x/cellbuf v0.0.13
go: downloading github.com/muesli/termenv v0.16.0
go: downloading github.com/charmbracelet/harmonica v0.2.0
go: downloading github.com/lucasb-eyer/go-colorful v1.2.0
go: downloading github.com/charmbracelet/x/term v0.2.1
go: downloading github.com/muesli/ansi v0.0.0-20230316100256-276c6243b2f6
go: downloading github.com/muesli/cancelreader v0.2.2
go: downloading github.com/catppuccin/go v0.3.0
go: downloading github.com/mitchellh/hashstructure/v2 v2.0.2
go: downloading github.com/charmbracelet/x/exp/strings v0.0.0-20240722160745-212f7b056ed0
go: downloading go.yaml.in/yaml/v2 v2.4.4
go: downloading github.com/smartcontractkit/chainlink-deployments-framework v0.109.0
go: downloading github.com/smartcontractkit/chainlink-evm/contracts/cre/gobindings v0.0.0-20260403151002-2c91155b5501
go: downloading github.com/smartcontractkit/cld-changesets v0.4.0
go: downloading github.com/sourcegraph/conc v0.3.1-0.20240121214520-5f936abd7ae8
go: downloading github.com/subosito/gotenv v1.6.0
go: downloading go.yaml.in/yaml/v3 v3.0.4
go: downloading golang.org/x/text v0.40.0
go: downloading github.com/shirou/gopsutil v3.21.11+incompatible
go: downloading github.com/mattn/go-isatty v0.0.22
go: downloading golang.org/x/crypto v0.54.0
go: downloading go.mongodb.org/mongo-driver v1.17.9
go: downloading golang.org/x/net v0.57.0
go: downloading github.com/crate-crypto/go-eth-kzg v1.5.0
go: downloading github.com/dchest/siphash v1.2.3
go: downloading github.com/gofrs/flock v0.12.1
go: downloading github.com/golang-jwt/jwt/v4 v4.5.2
go: downloading github.com/rs/cors v1.11.1
go: downloading github.com/go-logr/logr v1.4.3
go: downloading go.opentelemetry.io/otel/metric v1.44.0
go: downloading github.com/benbjohnson/clock v1.3.5
go: downloading github.com/dave/jennifer v1.7.1
go: downloading github.com/davecgh/go-spew v1.1.2-0.20180830191138-d8f796af33cc
go: downloading github.com/gagliardetto/solana-go v1.13.0
go: downloading golang.org/x/mod v0.37.0
go: downloading github.com/streamingfast/logging v0.0.0-20230608130331-f22c91403091
go: downloading github.com/tidwall/gjson v1.18.0
go: downloading github.com/tidwall/sjson v1.2.5
go: downloading github.com/smartcontractkit/tdh2/go/tdh2 v0.0.0-20251120172354-e8ec0386b06c
go: downloading github.com/test-go/testify v1.1.4
go: downloading github.com/pmezard/go-difflib v1.0.1-0.20181226105442-5d4384ee4fb2
go: downloading github.com/go-json-experiment/json v0.0.0-20260505212615-e40f80bf6836
go: downloading github.com/dominikbraun/graph v0.23.0
go: downloading github.com/invopop/jsonschema v0.14.0
go: downloading github.com/santhosh-tekuri/jsonschema/v5 v5.3.1
go: downloading github.com/hdevalence/ed25519consensus v0.2.0
go: downloading github.com/smartcontractkit/libocr v0.0.0-20260529134643-c101335a64cd
go: downloading github.com/xssnick/tonutils-go v1.14.1
go: downloading github.com/smartcontractkit/chainlink-common/pkg/chipingress v0.0.11-0.20260724142814-45996a1bcb72
go: downloading go.opentelemetry.io/contrib/instrumentation/google.golang.org/grpc/otelgrpc v0.68.0
go: downloading go.opentelemetry.io/otel/exporters/otlp/otlplog/otlploggrpc v0.19.0
go: downloading go.opentelemetry.io/otel/exporters/otlp/otlplog/otlploghttp v0.20.0
go: downloading go.opentelemetry.io/otel/exporters/otlp/otlpmetric/otlpmetricgrpc v1.43.0
go: downloading go.opentelemetry.io/otel/exporters/otlp/otlpmetric/otlpmetrichttp v1.43.0
go: downloading go.opentelemetry.io/otel/exporters/otlp/otlptrace/otlptracegrpc v1.43.0
go: downloading go.opentelemetry.io/otel/exporters/otlp/otlptrace/otlptracehttp v1.43.0
go: downloading go.opentelemetry.io/otel/exporters/stdout/stdoutlog v0.19.0
go: downloading go.opentelemetry.io/otel/exporters/stdout/stdoutmetric v1.43.0
go: downloading go.opentelemetry.io/otel/exporters/stdout/stdouttrace v1.43.0
go: downloading go.opentelemetry.io/otel/log v0.20.0
go: downloading go.opentelemetry.io/otel/exporters/otlp/otlptrace v1.43.0
go: downloading go.opentelemetry.io/otel/sdk/log v0.20.0
go: downloading go.opentelemetry.io/otel/sdk/metric v1.44.0
go: downloading go.opentelemetry.io/otel/sdk v1.44.0
go: downloading google.golang.org/grpc v1.83.1
go: downloading github.com/prometheus/client_golang v1.23.2
go: downloading github.com/shopspring/decimal v1.4.0
go: downloading golang.org/x/exp v0.0.0-20260508232706-74f9aab9d74a
go: downloading github.com/gabriel-vasile/mimetype v1.4.13
go: downloading github.com/leodido/go-urn v1.4.0
go: downloading github.com/jonboulle/clockwork v0.5.0
go: downloading github.com/go-co-op/gocron/v2 v2.18.0
go: downloading github.com/smartcontractkit/chainlink-protos/billing/go v0.0.0-20251024234028-0988426d98f4
go: downloading github.com/smartcontractkit/chainlink-data-streams v1.0.0
go: downloading github.com/smartcontractkit/chainlink-solana/contracts v0.0.0-20260824161511-a7c0a2bf25a0
go: downloading github.com/smartcontractkit/chainlink-solana v1.3.1-0.20260824161511-a7c0a2bf25a0
go: downloading go.uber.org/multierr v1.11.0
go: downloading github.com/charmbracelet/colorprofile v0.2.3-0.20250311203215-f60798e515dc
go: downloading github.com/clipperhouse/uax29/v2 v2.7.0
go: downloading github.com/aymanbagabas/go-osc52/v2 v2.0.1
go: downloading github.com/dustin/go-humanize v1.0.1
go: downloading github.com/aws/aws-sdk-go v1.55.8
go: downloading github.com/smartcontractkit/chainlink-protos/job-distributor v0.18.0
go: downloading github.com/smartcontractkit/ccip-owner-contracts v0.1.0
go: downloading github.com/zksync-sdk/zksync2-go v1.1.1-0.20250620124214-2c742ee399c6
go: downloading github.com/aptos-labs/aptos-go-sdk v1.13.0
go: downloading github.com/tklauser/go-sysconf v0.4.0
go: downloading github.com/golang/snappy v1.0.0
go: downloading github.com/VictoriaMetrics/fastcache v1.13.0
go: downloading github.com/holiman/bloomfilter/v2 v2.0.3
go: downloading github.com/consensys/gnark-crypto v0.20.1
go: downloading github.com/ethereum/go-bigmodexpfix v0.0.0-20250911101455-f9e208c548ab
go: downloading github.com/holiman/billy v0.0.0-20250707135307-f2f9b9aae7db
go: downloading github.com/syndtr/goleveldb v1.0.1-0.20220721030215-126854af5e6d
go: downloading github.com/huin/goupnp v1.3.0
go: downloading github.com/jackpal/go-nat-pmp v1.0.2
go: downloading github.com/pion/stun/v3 v3.1.2
go: downloading github.com/cockroachdb/pebble v1.1.5
go: downloading github.com/grafana/pyroscope-go v1.3.0
go: downloading github.com/hashicorp/go-bexpr v0.1.10
go: downloading github.com/urfave/cli/v2 v2.27.7
go: downloading gopkg.in/natefinch/lumberjack.v2 v2.2.1
go: downloading github.com/go-logr/stdr v1.2.2
go: downloading go.opentelemetry.io/auto/sdk v1.2.1
go: downloading github.com/blendle/zapdriver v1.3.1
go: downloading github.com/logrusorgru/aurora v2.0.3+incompatible
go: downloading github.com/mitchellh/go-testing-interface v1.14.1
go: downloading github.com/json-iterator/go v1.1.12
go: downloading filippo.io/edwards25519 v1.1.1
go: downloading github.com/gagliardetto/treeout v0.1.4
go: downloading github.com/mostynb/zstdpool-freelist v0.0.0-20201229113212-927304c0c3b1
go: downloading github.com/tidwall/match v1.2.0
go: downloading github.com/tidwall/pretty v1.2.1
go: downloading github.com/stretchr/objx v0.5.3
go: downloading github.com/pb33f/ordered-map/v2 v2.3.1
go: downloading github.com/NethermindEth/juno v0.15.11
go: downloading github.com/NethermindEth/starknet.go v0.17.1
go: downloading github.com/cloudevents/sdk-go/binding/format/protobuf/v2 v2.16.2
go: downloading github.com/cloudevents/sdk-go/v2 v2.16.2
go: downloading go.opentelemetry.io/proto/otlp v1.10.0
go: downloading google.golang.org/genproto/googleapis/rpc v0.0.0-20260526163538-3dc84a4a5aaa
go: downloading github.com/jpillora/backoff v1.0.0
go: downloading github.com/smartcontractkit/chainlink-protos/linking-service/go v0.0.0-20260512230622-65f10f4cd305
go: downloading google.golang.org/genproto v0.0.0-20250505200425-f936aa4a68b2
go: downloading github.com/beorn7/perks v1.0.1
go: downloading github.com/cespare/xxhash/v2 v2.3.0
go: downloading github.com/prometheus/client_model v0.6.2
go: downloading github.com/prometheus/common v1.20.99
go: downloading github.com/gin-contrib/sessions v0.0.5
go: downloading github.com/lib/pq v1.12.3
go: downloading github.com/grpc-ecosystem/go-grpc-middleware/providers/prometheus v1.1.0
go: downloading github.com/grafana/otel-profiling-go v0.5.1
go: downloading github.com/hashicorp/go-hclog v1.6.3
go: downloading github.com/hashicorp/go-plugin v1.8.0
go: downloading github.com/jmoiron/sqlx v1.4.0
go: downloading github.com/smartcontractkit/chainlink-protos/node-platform v0.0.0-20260709145319-7782fb89eb16
go: downloading go.opentelemetry.io/contrib/bridges/prometheus v0.68.0
go: downloading github.com/bytecodealliance/wasmtime-go/v47 v47.0.0
go: downloading github.com/smartcontractkit/chainlink-automation v0.8.1
go: downloading github.com/smartcontractkit/chainlink-framework/capabilities v0.0.0-20260423135514-5b1a7565a99c
go: downloading github.com/smartcontractkit/chainlink-framework/chains v0.0.0-20260714194015-527495d10a6c
go: downloading github.com/jackc/pgx/v5 v5.9.2
go: downloading gopkg.in/guregu/null.v4 v4.0.0
go: downloading github.com/smartcontractkit/chainlink-protos/storage-service v0.3.0
go: downloading github.com/smartcontractkit/freeport v0.1.3-0.20250828155247-add56fa28aad
go: downloading github.com/hashicorp/go-envparse v0.1.0
go: downloading github.com/smartcontractkit/chainlink-protos/ring/go v0.0.0-20260331131315-f08a616d8dcd
go: downloading github.com/klauspost/compress v1.18.6
go: downloading github.com/robfig/cron/v3 v3.0.1
go: downloading github.com/xo/terminfo v0.0.0-20220910002029-abceb7e1c41e
go: downloading github.com/smartcontractkit/chainlink-ccip/chains/solana v0.0.0-20260415165642-49f23e4d76cc
go: downloading github.com/smartcontractkit/chainlink-framework/metrics v0.0.0-20260709082627-78ab5315e367
go: downloading github.com/sigurn/crc16 v0.0.0-20211026045750-20ab5afb07e3
go: downloading golang.org/x/tools v0.47.0
go: downloading github.com/cosmos/go-bip39 v1.0.0
go: downloading github.com/stephenlacy/go-ethereum-hdwallet v0.0.0-20230913225845-a4fa94429863
go: downloading github.com/block-vision/sui-go-sdk v1.2.1
go: downloading github.com/stellar/go-stellar-sdk v0.5.0
go: downloading github.com/smartcontractkit/chainlink-aptos v0.0.0-20260609211101-71d38bd6a0a9
go: downloading github.com/smartcontractkit/chainlink-ccip/chains/solana/gobindings v0.0.0-20260511195239-0f6e1b177fc7
go: downloading github.com/hasura/go-graphql-client v0.15.1
go: downloading github.com/bits-and-blooms/bitset v1.24.4
go: downloading github.com/pion/dtls/v3 v3.1.2
go: downloading github.com/pion/transport/v4 v4.0.1
go: downloading github.com/grafana/pyroscope-go/godeltaprof v0.1.10
go: downloading github.com/cockroachdb/errors v1.12.0
go: downloading github.com/cockroachdb/fifo v0.0.0-20240816210425-c5d0cb0b6fc0
go: downloading github.com/cockroachdb/tokenbucket v0.0.0-20250429170803-42689b6311bb
go: downloading github.com/cockroachdb/redact v1.1.6
go: downloading github.com/mitchellh/pointerstructure v1.2.0
go: downloading github.com/cpuguy83/go-md2man/v2 v2.0.7
go: downloading github.com/xrash/smetrics v0.0.0-20240521201337-686a1a2994c1
go: downloading github.com/fatih/color v1.19.0
go: downloading github.com/modern-go/concurrent v0.0.0-20180306012644-bacd9c7ef1dd
go: downloading github.com/modern-go/reflect2 v1.0.3-0.20250322232337-35a7c28c31ee
go: downloading github.com/bahlo/generic-list-go v0.2.0
go: downloading github.com/buger/jsonparser v1.2.0
go: downloading go.yaml.in/yaml/v4 v4.0.0-rc.4
go: downloading github.com/cenkalti/backoff/v5 v5.0.3
go: downloading github.com/grpc-ecosystem/grpc-gateway/v2 v2.29.0
go: downloading github.com/cenkalti/backoff v2.2.1+incompatible
go: downloading github.com/getsentry/sentry-go v0.35.1
go: downloading github.com/fxamacker/cbor/v2 v2.9.2
go: downloading github.com/grpc-ecosystem/grpc-gateway v1.16.0
go: downloading github.com/shirou/gopsutil/v3 v3.24.3
go: downloading github.com/esote/minmaxheap v1.0.0
go: downloading github.com/jackc/pgtype v1.14.4
go: downloading github.com/munnerz/goautoneg v0.0.0-20191010083416-a7dc8b61c822
go: downloading github.com/ugorji/go/codec v1.2.12
go: downloading github.com/golang-jwt/jwt/v5 v5.3.1
go: downloading github.com/grafana/regexp v0.0.0-20250905093917-f7b3be9d1853
go: downloading github.com/grpc-ecosystem/go-grpc-middleware/v2 v2.3.3
go: downloading github.com/gin-gonic/gin v1.10.1
go: downloading github.com/gorilla/context v1.1.1
go: downloading github.com/gorilla/sessions v1.2.2
go: downloading github.com/smartcontractkit/grpc-proxy v0.0.0-20240830132753-a7e17fec5ab7
go: downloading github.com/smartcontractkit/chainlink-protos/metering/go v0.0.0-20260710151514-27b5a126dabe
go: downloading github.com/XSAM/otelsql v0.42.0
go: downloading github.com/scylladb/go-reflectx v1.0.1
go: downloading github.com/golang/protobuf v1.5.4
go: downloading github.com/oklog/run v1.2.0
go: downloading github.com/hashicorp/yamux v0.1.2
go: downloading github.com/goccy/go-json v0.10.6
go: downloading github.com/smartcontractkit/wsrpc v0.8.5-0.20250502134807-c57d3d995945
go: downloading github.com/patrickmn/go-cache v2.1.0+incompatible
go: downloading github.com/smartcontractkit/chainlink-tron/relayer v0.0.11-0.20260408092456-3c6369888d4a
go: downloading github.com/smartcontractkit/chainlink-framework/multinode v0.0.0-20260625152110-9afcf56e4053
go: downloading github.com/smartcontractkit/chainlink-tron/relayer/gotron-sdk v0.0.5-0.20251014143056-a0c6328c91e9
go: downloading github.com/btcsuite/btcd/btcec/v2 v2.3.4
go: downloading go.dedis.ch/fixbuf v1.0.3
go: downloading go.dedis.ch/kyber/v3 v3.1.0
go: downloading github.com/btcsuite/btcd v0.24.2
go: downloading github.com/google/go-cmp v0.7.0
go: downloading gonum.org/v1/gonum v0.17.0
go: downloading github.com/jackc/pgpassfile v1.0.0
go: downloading github.com/jackc/pgservicefile v0.0.0-20240606120523-5a60cdf6a761
go: downloading github.com/buraksezer/consistent v0.10.0
go: downloading github.com/Unheilbar/anchor-go v1.0.3
go: downloading github.com/gagliardetto/utilz v0.1.3
go: downloading github.com/smartcontractkit/chainlink-sui v0.0.0-20260527160341-aa3adc0abf67
go: downloading github.com/samber/lo v1.53.0
go: downloading github.com/smartcontractkit/chainlink-ton v1.0.5-0.20260629213843-c52e07523035
go: downloading github.com/karalabe/hid v1.0.1-0.20260315100226-f5d04adeffeb
go: downloading github.com/digital-asset/dazl-client/v8 v8.9.0
go: downloading golang.org/x/oauth2 v0.36.0
go: downloading github.com/btcsuite/btcd/btcutil v1.1.6
go: downloading github.com/tyler-smith/go-bip39 v1.1.0
go: downloading github.com/cenkalti/backoff/v4 v4.3.0
go: downloading github.com/creachadair/jrpc2 v1.2.0
go: downloading github.com/ferranbt/fastssz v0.1.4
go: downloading github.com/decred/dcrd/dcrec/secp256k1/v4 v4.4.1
go: downloading github.com/coder/websocket v1.8.14
go: downloading github.com/pion/logging v0.2.4
go: downloading github.com/jmespath/go-jmespath v0.4.0
go: downloading github.com/wlynxg/anet v0.0.5
go: downloading github.com/DataDog/zstd v1.5.7
go: downloading github.com/cockroachdb/logtags v0.0.0-20241215232642-bb51bb14a506
go: downloading github.com/russross/blackfriday/v2 v2.1.0
go: downloading github.com/mitchellh/mapstructure v1.5.1-0.20220423185008-bf980b35cac4
go: downloading github.com/x448/float16 v0.8.4
go: downloading github.com/expr-lang/expr v1.17.8
go: downloading google.golang.org/genproto/googleapis/api v0.0.0-20260526163538-3dc84a4a5aaa
go: downloading github.com/jackc/pgio v1.0.0
go: downloading github.com/gorilla/securecookie v1.1.2
go: downloading github.com/gin-contrib/sse v1.1.0
go: downloading github.com/theodesp/go-heaps v0.0.0-20190520121037-88e35354fe0a
go: downloading github.com/smartcontractkit/chainlink-protos/svr v1.3.0
go: downloading go.uber.org/goleak v1.3.0
go: downloading github.com/cosmos/cosmos-sdk v0.50.14
go: downloading github.com/smartcontractkit/smdkg v0.0.0-20251029093710-c38905e58aeb
go: downloading github.com/docker/go-connections v0.7.0
go: downloading github.com/doyensec/safeurl v0.2.5
go: downloading github.com/kylelemons/godebug v1.1.0
go: downloading github.com/jinzhu/copier v0.4.0
go: downloading github.com/aybabtme/rgbterm v0.0.0-20170906152045-cc83f3b3ce59
go: downloading github.com/buger/goterm v1.0.4
go: downloading github.com/hako/durafmt v0.0.0-20200710122514-c0fb7b4da026
go: downloading github.com/kr/pretty v0.3.1
go: downloading github.com/miekg/dns v1.1.72
go: downloading github.com/ryanuber/go-glob v1.0.0
go: downloading github.com/stellar/go-xdr v0.0.0-20260423131911-a87d4d0789c3
go: downloading github.com/btcsuite/btcutil v1.0.3-0.20201208143702-a53e38424cce
go: downloading github.com/btcsuite/btcd/chaincfg/chainhash v1.1.0
go: downloading github.com/valyala/fastjson v1.6.10
go: downloading github.com/creachadair/mds v0.13.4
go: downloading github.com/regen-network/protobuf v1.3.3-alpha.regen.1
go: downloading github.com/jackc/puddle/v2 v2.2.2
go: downloading github.com/marcboeker/go-duckdb v1.8.5
go: downloading github.com/atombender/go-jsonschema v0.16.1-0.20240916205339-a74cd4e2851c
go: downloading github.com/iancoleman/strcase v0.3.0
go: downloading github.com/google/pprof v0.0.0-20260302011040-a15ffb7f9dcc
go: downloading github.com/kr/text v0.2.0
go: downloading github.com/rogpeppe/go-internal v1.14.1
go: downloading github.com/cosmos/gogoproto v1.7.0
go: downloading github.com/cometbft/cometbft v0.38.21
go: downloading cosmossdk.io/api v0.7.6
go: downloading cosmossdk.io/errors v1.0.1
go: downloading github.com/99designs/keyring v1.2.1
go: downloading github.com/emicklei/dot v1.6.2
go: downloading github.com/minio/sha256-simd v1.0.1
go: downloading filippo.io/nistec v0.0.4
go: downloading filippo.io/bigmod v0.1.0
go: downloading github.com/google/btree v1.1.3
go: downloading github.com/sanity-io/litter v1.5.5
go: downloading github.com/goccy/go-yaml v1.19.2
go: downloading github.com/bgentry/speakeasy v0.1.1-0.20220910012023-760eaf8b6816
go: downloading cosmossdk.io/collections v0.4.0
go: downloading cosmossdk.io/x/tx v0.13.7
go: downloading github.com/cosmos/cosmos-proto v1.0.0-beta.5
go: downloading github.com/tendermint/go-amino v0.16.0
go: downloading cosmossdk.io/core v0.11.0
go: downloading cosmossdk.io/log v1.4.1
go: downloading cosmossdk.io/math v1.4.0
go: downloading cosmossdk.io/store v1.1.1
go: downloading github.com/hashicorp/golang-lru v1.0.2
go: downloading github.com/99designs/go-keychain v0.0.0-20191008050251-8e49817e8af4
go: downloading github.com/dvsekhvalnov/jose2go v1.7.0
go: downloading github.com/mtibben/percent v0.2.1
go: downloading github.com/klauspost/cpuid/v2 v2.3.0
go: downloading github.com/mitchellh/go-wordwrap v1.0.1
go: downloading github.com/cosmos/cosmos-db v1.1.1
go: downloading github.com/cosmos/ics23/go v0.11.0
go: downloading github.com/oasisprotocol/curve25519-voi v0.0.0-20230904125328-1f23a7beb09a
go: downloading github.com/cosmos/btcutil v1.0.5
go: downloading cosmossdk.io/depinject v1.1.0
go: downloading github.com/hashicorp/go-metrics v0.5.4
go: downloading github.com/go-kit/kit v0.13.0
go: downloading github.com/go-kit/log v0.2.1
go: downloading github.com/go-logfmt/logfmt v0.6.0
go: downloading github.com/cometbft/cometbft-db v1.0.1
go: downloading github.com/hashicorp/go-immutable-radix v1.3.1
go: downloading github.com/apache/arrow-go/v18 v18.6.0
go: downloading github.com/pierrec/lz4/v4 v4.1.26
go: downloading github.com/google/flatbuffers v25.12.19+incompatible
go: downloading github.com/zeebo/xxh3 v1.1.0
go build -p 4 -ldflags  -o  .  337.71s user 86.07s system 52% cpu 13:24.13 total
exit=0
