Initializing...
Loading settings...
Checking RPC connectivity...
Compiling workflow...
✓ Workflow compiled
✓ Simulation limits enabled
  HTTP: req=120kb resp=250kb timeout=10s | ConfHTTP: req=125kb resp=500kb timeout=1m30s | Consensus obs=25kb | ChainWrite evm_report=50kb evm_gas=10000000 solana_report=265b solana_cu=300000 | WASM binary=100mb compressed=20mb
  Binary hash: 3111f2fdf168860ef6ef473321a548a29b658036ee3a5d94d84644d1b38757f5
  Config hash: 5f996b10a5b07caddc2a493bcc3d25aa92ea48b9391e8c560c56f2bb948dbd04
2026-10-06T06:29:51Z [SIMULATION] Simulator Initialized

2026-10-06T06:29:51Z [SIMULATION] Running trigger trigger=cron-trigger@1.0.0
2026-10-06T06:29:54Z [USER LOG] RCSS 2026-10-05: IEM tmax=29 obs=50 | AWC tmax=29 obs=50
2026-10-06T06:29:54Z [USER LOG] RCSS 2026-10-05: report payload 0x5243535300000000000000000000000000000000000000000000000000000000000000000000000000000000000000000000000000000000000000000135288d000000000000000000000000000000000000000000000000000000000000001d000000000000000000000000000000000000000000000000000000000000000083497709447509b3c11d431a9ddc958d22e218f0c7f35bdb14596c35fbce808900000000000000000000000000000000000000000000000000000000000000c00000000000000000000000000000000000000000000000000000000000000041bc751d159ca76e74bb056aa8a7a177fc9ee9094c21da7002e2f57b39f81b22381f9168918f951049ae587cd15aa0a6e1334492042c98c79531f94bf98c139c231b00000000000000000000000000000000000000000000000000000000000000
2026-10-06T06:29:55Z [USER LOG] RCSS 2026-10-05: writeReport tx 0xe82c62dfc1aab6be5eb0e33e9ce1212416ad8f5631d080d380f5d03b81cab9e7

✓ Workflow Simulation Result:
"[{\"station\":\"RCSS\",\"date\":20261005,\"tmaxC\":29,\"isVoid\":false,\"sourcesHash\":\"0x83497709447509b3c11d431a9ddc958d22e218f0c7f35bdb14596c35fbce8089\",\"txHash\":\"0xe82c62dfc1aab6be5eb0e33e9ce1212416ad8f5631d080d380f5d03b81cab9e7\"}]"

2026-10-06T06:29:55Z [SIMULATION] Execution finished signal received
2026-10-06T06:29:55Z [SIMULATION] Skipping WorkflowEngineV2

⚠️  Update available! You’re running 1.37.0-isotherm-nologin, but 1.37.0 is the latest.
Run `cre update` or visit https://github.com/smartcontractkit/cre-cli/releases to upgrade.

real 10.27
user 12.30
sys 1.00
