Initializing...
Loading settings...
Checking RPC connectivity...
Compiling workflow...
✓ Workflow compiled
✓ Simulation limits enabled
  HTTP: req=120kb resp=250kb timeout=10s | ConfHTTP: req=125kb resp=500kb timeout=1m30s | Consensus obs=25kb | ChainWrite evm_report=50kb evm_gas=10000000 solana_report=265b solana_cu=300000 | WASM binary=100mb compressed=20mb
  Binary hash: 3111f2fdf168860ef6ef473321a548a29b658036ee3a5d94d84644d1b38757f5
  Config hash: 7137001ced1382baf5992a01896f2eddf4a184588bcd4a2897901c168d7489dc
2026-10-06T06:28:58Z [SIMULATION] Simulator Initialized

2026-10-06T06:28:58Z [SIMULATION] Running trigger trigger=cron-trigger@1.0.0
2026-10-06T06:29:02Z [USER LOG] RCSS 2026-10-05: IEM tmax=29 obs=50 | AWC tmax=29 obs=50
2026-10-06T06:29:02Z [USER LOG] RCSS 2026-10-05: report payload 0x5243535300000000000000000000000000000000000000000000000000000000000000000000000000000000000000000000000000000000000000000135288d000000000000000000000000000000000000000000000000000000000000001d000000000000000000000000000000000000000000000000000000000000000083497709447509b3c11d431a9ddc958d22e218f0c7f35bdb14596c35fbce808900000000000000000000000000000000000000000000000000000000000000c0000000000000000000000000000000000000000000000000000000000000004137653fef919b5bb0b9dab77005784d8d5f6be0f5c0624a882ee96616b73a43c522a0c8d88b8cf8e2b2c6da377ba8422ef332112832d117c69e3b541707ef8fa21b00000000000000000000000000000000000000000000000000000000000000
2026-10-06T06:29:02Z [USER LOG] RCSS 2026-10-05: writeReport tx 0x0000000000000000000000000000000000000000000000000000000000000000

✓ Workflow Simulation Result:
"[{\"station\":\"RCSS\",\"date\":20261005,\"tmaxC\":29,\"isVoid\":false,\"sourcesHash\":\"0x83497709447509b3c11d431a9ddc958d22e218f0c7f35bdb14596c35fbce8089\",\"txHash\":\"0x0000000000000000000000000000000000000000000000000000000000000000\"}]"

2026-10-06T06:29:02Z [SIMULATION] Execution finished signal received
2026-10-06T06:29:02Z [SIMULATION] Skipping WorkflowEngineV2

⚠️  Update available! You’re running 1.37.0-isotherm-nologin, but 1.37.0 is the latest.
Run `cre update` or visit https://github.com/smartcontractkit/cre-cli/releases to upgrade.

real 11.47
user 13.84
sys 1.28
