npx tsx ts/preflight.ts
chain 10143 block 68716060 via https://testnet-rpc.monad.xyz; dependencies have code: AUSD, faucet, MockKeystoneForwarder, KuruRouter, KuruMarginAccount
requirement per run (from fork-2026-10-06T13-54-06): deployer 2.14, maker 1.08, taker1 0.17, taker2 0.3 = 3.69 MON

deployer 0xb855f2bCA7C12Db2aA9D70740c6cF40808325c11     3.6526 MON  need  2.14    (0.000000 AUSD)
maker    0xd572638F07829D1c3636400FB73CF34Ca6c7448a     0.3528 MON  need  1.08  top-up 0.7272 from deployer  (9800.000000 AUSD)
taker1   0x636D0598E416e5f66acD0F6Ac2Ae96306529b4d5     0.1366 MON  need  0.17  top-up 0.0334 from deployer  (9980.000000 AUSD)
taker2   0x029049a9dA77231dd86A90E52Fd6Db542424e727     0.0000 MON  need  0.30  top-up 0.3000 from deployer  (0.000000 AUSD)

deployer needs 3.2081 MON (own 2.14 + top-ups 1.0681), has 3.6526 -> READY
Make sure no other process is sending from these wallets during the run (nonce races).
cd <repo> && forge build >/dev/null
warning[missing-events-access-control]: `isOperator` is changed without an event but is used for access control
    ╭▸ src/StrikeFactory.sol:104:9
    │
104 │         isOperator[account] = enabled;
    │         ━━━━━━━━━━━━━━━━━━━
    │
    ╰ help: https://getfoundry.sh/forge/linting/missing-events-access-control

warning[missing-zero-check]: address parameter is used in a state write or value transfer without a zero-address check
   ╭▸ src/CollateralVault.sol:45:82
   │
45 │     constructor(address owner_, IIsothermResolver resolver_, IERC20 collateral_, address guardian_)
   │                                                                                  ━━━━━━━━━━━━━━━━━
   │
   ╰ help: https://getfoundry.sh/forge/linting/missing-zero-check

warning[unsafe-typecast]: typecast can truncate values
   ╭▸ src/lib/StationTime.sol:34:16
   │
34 │         return uint256(int256(dayStartUtc(date)) - int256(utcOffsetSeconds));
   │                ━━━━━━━━━━━━━━━━━━━━━━━━━━━━━━━━━━━━━━━━━━━━━━━━━━━━━━━━━━━━━
   │
   ├ note: consider disabling this lint if you're certain the cast is safe
   │       
   │       // casting to 'uint256' is safe because [explain why]
   │       // forge-lint: disable-next-line(unsafe-typecast)
   │       
   │       
   ╰ help: https://getfoundry.sh/forge/linting/unsafe-typecast

warning[missing-zero-check]: address parameter is used in a state write or value transfer without a zero-address check
   ╭▸ src/Resolver.sol:82:72
   │
82 │     constructor(address owner_, address forwarder_, address attester_, address guardian_)
   │                                                                        ━━━━━━━━━━━━━━━━━
   │
   ╰ help: https://getfoundry.sh/forge/linting/missing-zero-check

warning[block-timestamp]: usage of `block.timestamp` in a comparison may be manipulated by validators
   ╭▸ src/ForecastCommit.sol:81:13
   │
81 │         if (block.timestamp >= deadline) revert CommitWindowClosed(deadline);
   │             ━━━━━━━━━━━━━━━━━━━━━━━━━━━
   │
   ╰ help: https://getfoundry.sh/forge/linting/block-timestamp

warning[unsafe-typecast]: typecast can truncate values
   ╭▸ src/lib/StationTime.sol:34:24
   │
34 │         return uint256(int256(dayStartUtc(date)) - int256(utcOffsetSeconds));
   │                        ━━━━━━━━━━━━━━━━━━━━━━━━━
   │
   ├ note: consider disabling this lint if you're certain the cast is safe
   │       
   │       // casting to 'int256' is safe because [explain why]
   │       // forge-lint: disable-next-line(unsafe-typecast)
   │       
   │       
   ╰ help: https://getfoundry.sh/forge/linting/unsafe-typecast

warning[unsafe-typecast]: typecast can truncate values
   ╭▸ src/ForecastCommit.sol:85:25
   │
85 │         c.committedAt = uint64(block.timestamp);
   │                         ━━━━━━━━━━━━━━━━━━━━━━━
   │
   ├ note: consider disabling this lint if you're certain the cast is safe
   │       
   │       // casting to 'uint64' is safe because [explain why]
   │       // forge-lint: disable-next-line(unsafe-typecast)
   │       
   │       
   ╰ help: https://getfoundry.sh/forge/linting/unsafe-typecast

warning[divide-before-multiply]: division before multiplication may lose precision
   ╭▸ src/lib/StationTime.sol:57:27
   │
57 │         uint256 yoe = y - era * 400; // [0, 399]
   │                           ━━━━━━━━━
   │
   ╰ help: https://getfoundry.sh/forge/linting/divide-before-multiply

warning[divide-before-multiply]: division before multiplication may lose precision
   ╭▸ src/lib/StationTime.sol:61:16
   │
61 │         return era * 146_097 + doe - 719_468;
   │                ━━━━━━━━━━━━━
   │
   ╰ help: https://getfoundry.sh/forge/linting/divide-before-multiply

warning[reentrancy-events]: event emitted after an external call; reentrancy can reorder or fabricate logs that off-chain consumers rely on
    ╭▸ src/CollateralVault.sol:187:9
    │
187 │         emit SetMinted(seriesId, payer, to, amount);
    │         ━━━━━━━━━━━━━━━━━━━━━━━━━━━━━━━━━━━━━━━━━━━━
    │
    ╰ help: https://getfoundry.sh/forge/linting/reentrancy-events

warning[unsafe-typecast]: typecast can truncate values
   ╭▸ src/ForecastCommit.sol:97:24
   │
97 │         c.revealedAt = uint64(block.timestamp);
   │                        ━━━━━━━━━━━━━━━━━━━━━━━
   │
   ├ note: consider disabling this lint if you're certain the cast is safe
   │       
   │       // casting to 'uint64' is safe because [explain why]
   │       // forge-lint: disable-next-line(unsafe-typecast)
   │       
   │       
   ╰ help: https://getfoundry.sh/forge/linting/unsafe-typecast

warning[reentrancy-events]: event emitted after an external call; reentrancy can reorder or fabricate logs that off-chain consumers rely on
   ╭▸ src/CollateralVault.sol:99:9
   │
99 │         emit SetRedeemed(seriesId, msg.sender, amount);
   │         ━━━━━━━━━━━━━━━━━━━━━━━━━━━━━━━━━━━━━━━━━━━━━━━
   │
   ╰ help: https://getfoundry.sh/forge/linting/reentrancy-events

warning[require-revert-in-loop]: `require` or `revert` inside a loop
    ╭▸ src/ForecastCommit.sol:120:35
    │
120 │             if (probBps[i] > BPS) revert BadForecast();
    │                                   ━━━━━━━━━━━━━━━━━━━━━
    │
    ╰ help: https://getfoundry.sh/forge/linting/require-revert-in-loop

warning[require-revert-in-loop]: `require` or `revert` inside a loop
    ╭▸ src/ForecastCommit.sol:121:58
    │
121 │             if (i > 0 && strikesC[i] <= strikesC[i - 1]) revert BadForecast();
    │                                                          ━━━━━━━━━━━━━━━━━━━━━
    │
    ╰ help: https://getfoundry.sh/forge/linting/require-revert-in-loop

warning[require-revert-in-loop]: `require` or `revert` inside a loop
   ╭▸ src/lib/StationTime.sol:69:22
   │
69 │             if (!ok) revert InvalidStationCode(station);
   │                      ━━━━━━━━━━━━━━━━━━━━━━━━━━━━━━━━━━━
   │
   ╰ help: https://getfoundry.sh/forge/linting/require-revert-in-loop

warning[reentrancy-events]: event emitted after an external call; reentrancy can reorder or fabricate logs that off-chain consumers rely on
    ╭▸ src/StrikeFactory.sol:188:13
    │
188 │             emit LadderCreated(station, date, _ladders.length - 1);
    │             ━━━━━━━━━━━━━━━━━━━━━━━━━━━━━━━━━━━━━━━━━━━━━━━━━━━━━━━
    │
    ╰ help: https://getfoundry.sh/forge/linting/reentrancy-events

warning[reentrancy-events]: event emitted after an external call; reentrancy can reorder or fabricate logs that off-chain consumers rely on
    ╭▸ src/CollateralVault.sol:117:9
    │
117 │         emit Redeemed(seriesId, msg.sender, yesAmount, noAmount, payout);
    │         ━━━━━━━━━━━━━━━━━━━━━━━━━━━━━━━━━━━━━━━━━━━━━━━━━━━━━━━━━━━━━━━━━
    │
    ╰ help: https://getfoundry.sh/forge/linting/reentrancy-events

warning[reentrancy-events]: event emitted after an external call; reentrancy can reorder or fabricate logs that off-chain consumers rely on
    ╭▸ src/StrikeFactory.sol:192:9
    │
192 │         emit SeriesCreated(seriesId, station, date, strikeC, closeTime, address(yes), address(no));
    │         ━━━━━━━━━━━━━━━━━━━━━━━━━━━━━━━━━━━━━━━━━━━━━━━━━━━━━━━━━━━━━━━━━━━━━━━━━━━━━━━━━━━━━━━━━━━
    │
    ╰ help: https://getfoundry.sh/forge/linting/reentrancy-events

warning[require-revert-in-loop]: `require` or `revert` inside a loop
    ╭▸ src/StrikeFactory.sol:162:63
    │
162 │         if (strikeC < MIN_STRIKE_C || strikeC > MAX_STRIKE_C) revert StrikeOutOfRange(strikeC);
    │                                                               ━━━━━━━━━━━━━━━━━━━━━━━━━━━━━━━━━
    │
    ╰ help: https://getfoundry.sh/forge/linting/require-revert-in-loop

warning[require-revert-in-loop]: `require` or `revert` inside a loop
    ╭▸ src/StrikeFactory.sol:165:43
    │
165 │         if (address(s.yes) != address(0)) revert SeriesExists(seriesId);
    │                                           ━━━━━━━━━━━━━━━━━━━━━━━━━━━━━━
    │
    ╰ help: https://getfoundry.sh/forge/linting/require-revert-in-loop

warning[uninitialized-local]: local variable is read before being initialized
    ╭▸ src/CollateralVault.sol:148:21
    │
148 │                 due[n++] = l;
    │                     ━
    │
    ╰ help: https://getfoundry.sh/forge/linting/uninitialized-local

warning[block-timestamp]: usage of `block.timestamp` in a comparison may be manipulated by validators
    ╭▸ src/CollateralVault.sol:145:17
    │
145 │                 block.timestamp >= resolver.dayEnd(l.station, l.date)
    │                 ━━━━━━━━━━━━━━━━━━━━━━━━━━━━━━━━━━━━━━━━━━━━━━━━━━━━━
    │
    ╰ help: https://getfoundry.sh/forge/linting/block-timestamp

warning[calls-loop]: external call inside a loop
    ╭▸ src/CollateralVault.sol:145:36
    │
145 │                 block.timestamp >= resolver.dayEnd(l.station, l.date)
    │                                    ━━━━━━━━━━━━━━━━━━━━━━━━━━━━━━━━━━
    │
    ╰ help: https://getfoundry.sh/forge/linting/calls-loop

warning[calls-loop]: external call inside a loop
    ╭▸ src/CollateralVault.sol:146:24
    │
146 │                     && resolver.resultOf(l.station, l.date).status == IIsothermResolver.Status.None
    │                        ━━━━━━━━━━━━━━━━━━━━━━━━━━━━━━━━━━━━
    │
    ╰ help: https://getfoundry.sh/forge/linting/calls-loop

warning[block-timestamp]: usage of `block.timestamp` in a comparison may be manipulated by validators
    ╭▸ src/StrikeFactory.sol:155:13
    │
155 │         if (closeTime <= block.timestamp || closeTime > end) revert BadCloseTime(closeTime, end);
    │             ━━━━━━━━━━━━━━━━━━━━━━━━━━━━
    │
    ╰ help: https://getfoundry.sh/forge/linting/block-timestamp

warning[missing-zero-check]: address parameter is used in a state write or value transfer without a zero-address check
    ╭▸ src/CollateralVault.sol:160:26
    │
160 │     function setGuardian(address guardian_) external onlyOwner {
    │                          ━━━━━━━━━━━━━━━━━
    │
    ╰ help: https://getfoundry.sh/forge/linting/missing-zero-check

warning[reentrancy-events]: event emitted after an external call; reentrancy can reorder or fabricate logs that off-chain consumers rely on
    ╭▸ src/Resolver.sol:242:9
    │
242 │         emit LadderResolved(station, date, status, tmaxC, sourcesHash, msg.sender);
    │         ━━━━━━━━━━━━━━━━━━━━━━━━━━━━━━━━━━━━━━━━━━━━━━━━━━━━━━━━━━━━━━━━━━━━━━━━━━━
    │
    ╰ help: https://getfoundry.sh/forge/linting/reentrancy-events

warning[block-timestamp]: usage of `block.timestamp` in a comparison may be manipulated by validators
    ╭▸ src/Resolver.sol:127:13
    │
127 │         if (block.timestamp < staleAt) revert NotStale(station, date, staleAt);
    │             ━━━━━━━━━━━━━━━━━━━━━━━━━
    │
    ╰ help: https://getfoundry.sh/forge/linting/block-timestamp

warning[missing-zero-check]: address parameter is used in a state write or value transfer without a zero-address check
    ╭▸ src/Resolver.sol:198:26
    │
198 │     function setGuardian(address guardian_) external onlyOwner {
    │                          ━━━━━━━━━━━━━━━━━
    │
    ╰ help: https://getfoundry.sh/forge/linting/missing-zero-check

warning[missing-zero-check]: address parameter is used in a state write or value transfer without a zero-address check
    ╭▸ src/Resolver.sol:205:54
    │
205 │     function setExpectedWorkflow(bytes32 workflowId, address workflowOwner) external onlyOwner {
    │                                                      ━━━━━━━━━━━━━━━━━━━━━
    │
    ╰ help: https://getfoundry.sh/forge/linting/missing-zero-check

warning[arbitrary-send-erc20]: `transferFrom` uses an arbitrary `from`; require it to equal `msg.sender` or `address(this)`
    ╭▸ src/CollateralVault.sol:184:9
    │
184 │         collateral.safeTransferFrom(payer, address(this), amount);
    │         ━━━━━━━━━━━━━━━━━━━━━━━━━━━━━━━━━━━━━━━━━━━━━━━━━━━━━━━━━
    │
    ╰ help: https://getfoundry.sh/forge/linting/arbitrary-send-erc20

warning[block-timestamp]: usage of `block.timestamp` in a comparison may be manipulated by validators
    ╭▸ src/CollateralVault.sol:182:13
    │
182 │         if (block.timestamp >= s.closeTime) revert MintClosed(seriesId, s.closeTime);
    │             ━━━━━━━━━━━━━━━━━━━━━━━━━━━━━━
    │
    ╰ help: https://getfoundry.sh/forge/linting/block-timestamp

warning[missing-zero-check]: address parameter is used in a state write or value transfer without a zero-address check
   ╭▸ src/OutcomeToken.sol:27:17
   │
27 │     constructor(address vault_) ERC20("Isotherm Outcome", "ISO") ERC20Permit("Isotherm Outcome") {
   │                 ━━━━━━━━━━━━━━
   │
   ╰ help: https://getfoundry.sh/forge/linting/missing-zero-check

warning[block-timestamp]: usage of `block.timestamp` in a comparison may be manipulated by validators
    ╭▸ src/Resolver.sol:235:13
    │
235 │         if (block.timestamp < end) revert DayNotOver(station, date, end);
    │             ━━━━━━━━━━━━━━━━━━━━━
    │
    ╰ help: https://getfoundry.sh/forge/linting/block-timestamp

warning[unsafe-typecast]: typecast can truncate values
    ╭▸ src/Resolver.sol:240:24
    │
240 │         r.resolvedAt = uint64(block.timestamp);
    │                        ━━━━━━━━━━━━━━━━━━━━━━━
    │
    ├ note: consider disabling this lint if you're certain the cast is safe
    │       
    │       // casting to 'uint64' is safe because [explain why]
    │       // forge-lint: disable-next-line(unsafe-typecast)
    │       
    │       
    ╰ help: https://getfoundry.sh/forge/linting/unsafe-typecast

warning[environment-read-across-mutation]: `block.timestamp` may be reused across `vm.warp`
    ╭▸ test/integration/IsothermE2EFork.t.sol:396:25
    │
396 │                 vm.warp(block.timestamp + 61); // global 60 s cooldown
    │                 ────────━━━━━━━━━━━━━━━────── `vm.warp` changes this environment here
    │
    ├ help: capture it with `vm.getBlockTimestamp()` instead
    ╰ help: https://getfoundry.sh/forge/linting/environment-read-across-mutation

warning[environment-read-across-mutation]: `block.timestamp` may be reused across `vm.warp`
    ╭▸ test/integration/IsothermE2EFork.t.sol:296:28
    │
296 │         date = _taipeiDate(block.timestamp + 1 days);
    │                            ━━━━━━━━━━━━━━━
    ‡
396 │                 vm.warp(block.timestamp + 61); // global 60 s cooldown
    │                 ───────────────────────────── `vm.warp` changes this environment here
    │
    ├ help: capture it with `vm.getBlockTimestamp()` instead
    ╰ help: https://getfoundry.sh/forge/linting/environment-read-across-mutation

warning[environment-read-across-mutation]: `block.timestamp` may be reused across `vm.warp`
    ╭▸ test/security/ForkAttacks.t.sol:232:25
    │
232 │                 vm.warp(block.timestamp + 61); // global 60 s faucet cooldown
    │                 ────────━━━━━━━━━━━━━━━────── `vm.warp` changes this environment here
    │
    ├ help: capture it with `vm.getBlockTimestamp()` instead
    ╰ help: https://getfoundry.sh/forge/linting/environment-read-across-mutation

warning[environment-read-across-mutation]: `block.number` may be reused across `vm.roll`
    ╭▸ test/security/ResolverAttacks.t.sol:135:21
    │
135 │             vm.roll(block.number + 1); // new block, same second
    │             ────────━━━━━━━━━━━━───── `vm.roll` changes this environment here
    │
    ├ help: capture it with `vm.getBlockNumber()` instead
    ╰ help: https://getfoundry.sh/forge/linting/environment-read-across-mutation

warning[environment-read-across-mutation]: `block.number` may be reused across `vm.roll`
    ╭▸ test/security/VaultAttacks.t.sol:280:21
    │
280 │             vm.roll(block.number + 1); // same second
    │             ────────━━━━━━━━━━━━───── `vm.roll` changes this environment here
    │
    ├ help: capture it with `vm.getBlockNumber()` instead
    ╰ help: https://getfoundry.sh/forge/linting/environment-read-across-mutation

warning[environment-read-across-mutation]: `block.number` may be reused across `vm.roll`
    ╭▸ test/security/VaultAttacks.t.sol:307:21
    │
307 │             vm.roll(block.number + 1);
    │             ────────━━━━━━━━━━━━───── `vm.roll` changes this environment here
    │
    ├ help: capture it with `vm.getBlockNumber()` instead
    ╰ help: https://getfoundry.sh/forge/linting/environment-read-across-mutation

warning[environment-read-across-mutation]: `block.timestamp` may be reused across `vm.warp`
    ╭▸ test/unit/CollateralVault.t.sol:244:28
    │
244 │         uint256 deadline = block.timestamp + 10 minutes;
    │                            ━━━━━━━━━━━━━━━
    ‡
247 │         vm.warp(deadline + 1);
    │         ───────────────────── `vm.warp` changes this environment here
    │
    ├ help: capture it with `vm.getBlockTimestamp()` instead
    ╰ help: https://getfoundry.sh/forge/linting/environment-read-across-mutation

warning[environment-read-across-mutation]: `block.chainid` may be reused across `vm.chainId`
    ╭▸ test/unit/Resolver.t.sol:181:33
    │
181 │         uint256 originalChain = block.chainid;
    │                                 ━━━━━━━━━━━━━
182 │         vm.chainId(143); // same contract, different chain
    │         ─────────────── `vm.chainId` changes this environment here
    │
    ├ help: capture it with `vm.getChainId()` instead
    ╰ help: https://getfoundry.sh/forge/linting/environment-read-across-mutation

MODE=live npx tsx ts/e2e.ts
Isotherm e2e MODE=live RPC=https://testnet-rpc.monad.xyz out=<repo>/spikes/e2e/logs/live-2026-10-06T15-04-29

== preflight
chain 10143 via Monad/0.16.3 at block 68716074, ts 1791299073 (2026-10-06T15:04:33.000Z)
MockKeystoneForwarder 0xB9F79d863261869B234c481D1f9A7af84AeAd192: MockKeystoneForwarder 1.0.0
  deployer 0xb855f2bCA7C12Db2aA9D70740c6cF40808325c11  3.652621182 MON  0.000000 AUSD
  maker    0xd572638F07829D1c3636400FB73CF34Ca6c7448a  0.352764648 MON  9800.000000 AUSD
  taker1   0x636D0598E416e5f66acD0F6Ac2Ae96306529b4d5  0.136588436 MON  9980.000000 AUSD
  taker2   0x029049a9dA77231dd86A90E52Fd6Db542424e727  0 MON  0.000000 AUSD

== fund
  # 1 MON 0.7273 deployer -> maker                         deployer used     23282 limit     23282  0.0024 MON  1091 ms  0xe1f5e969…e8db
  # 2 MON 0.0335 deployer -> taker1                        deployer used     23282 limit     23282  0.0024 MON  1045 ms  0x11f470a1…a7cf
  # 3 MON 0.3 deployer -> taker2                           deployer used     23282 limit     23282  0.0024 MON  807 ms  0xff227648…0d17

== deploy
  live fast mode: test stations ZZZZ/ZZZY at UTC+8.5h, local day ends in 25.3 min
  # 4 deploy Resolver (forwarder=MockKeystoneForwarder, attester=deployer) deployer used   2842738 limit   2842738  0.2900 MON  1773 ms  0x32f119dc…e718
  # 5 deploy CollateralVault (+OutcomeToken impl)          deployer used   4835189 limit   4835189  0.4932 MON  1628 ms  0x543f07a8…f802
  # 6 registerStation ZZZZ UTC+8.5h                        deployer used     67843 limit     67843  0.0069 MON  1404 ms  0xf86d7d68…ceb9
  # 7 registerStation ZZZY UTC+8.5h                        deployer used     67843 limit     67843  0.0069 MON  1055 ms  0x7c9c61a1…0e20
  # 8 deploy IsothermZap (Kuru router, vault)              deployer used   1537252 limit   1537252  0.1568 MON  1898 ms  0x08523a30…2de8
  Resolver 0x1c7a8a5df93f7f33c778c2163d8887e9249475f1  Vault 0xc83fe722eb5bd29a0355c090f14ccb0605153713  Zap 0x1b1d91ebd1590c7814aedcae66ac6ded492c792e

== ladder
  ZZZZ local date 20261006, dayEnd 2026-10-06T15:30:00.000Z, close 2026-10-06T15:29:00.000Z
  # 9 createLadder ZZZZ 20261006 strikes [28,29,30]        deployer used    942386 limit    942386  0.0961 MON  2712 ms  0xda4feb6d…b60d
  #10 createSeries ZZZY 20261006 >=25                      deployer used    405848 limit    405848  0.0414 MON  1543 ms  0x1c86b427…615a
  ZZZZ-20261006-GE28-Y  YES 0x829930e34b5e5Ce164F61E898a378B0cAe3d8a4e  NO 0x59fab455344ed93705B8fFc7A5CF1b82875daEA5
  ZZZZ-20261006-GE29-Y  YES 0x820891F8a23AC2b9ceDe7d67D7D29db9951406b3  NO 0x997F89d3991992F2Ec041EFC422e8a0D6f56d3FB
  ZZZZ-20261006-GE30-Y  YES 0xbb597BA06c01dcdB8Fe9EeC177d91EAfdB646327  NO 0x94B32309F1120f56a72D4D4D2f7d9738201CAaaa
  void ladder ZZZY-20261006-GE25-Y

== makerInventory
  #11 AUSD faucet.requestFunds -> maker                    maker    used    124812 limit    124812  0.0127 MON  1067 ms  0xe2e1d1cf…fa2b
  #12 maker approve AUSD -> vault                          maker    used     78593 limit     78593  0.0080 MON  1525 ms  0xf8398166…4510
  #13 maker mintSet >=28 x500                              maker    used    310889 limit    310889  0.0317 MON  1028 ms  0x44c9bcb5…01b4
  #14 maker mintSet >=29 x500                              maker    used    292042 limit    292042  0.0298 MON  1410 ms  0x775e39a4…3514
  #15 maker mintSet >=30 x500                              maker    used    292042 limit    292042  0.0298 MON  1062 ms  0xc6b65998…f200
  #16 maker mintSet void-ladder ZZZY x100                  maker    used    292014 limit    292014  0.0298 MON  2268 ms  0x3453558c…c46c

== markets
  forecast: Taipei 20261006 Tmax mu=25.8 sigma=1.5 (Open-Meteo) -> P(>=k): 28:0.129 29:0.036 30:0.007
  #17 Kuru Router.deployProxy YES>=28/AUSD                 deployer used   1467042 limit   1467042  0.1496 MON  2289 ms  0x4ee2e4f4…083e
  #18 Kuru Router.deployProxy YES>=29/AUSD                 deployer used   1467042 limit   1467042  0.1496 MON  1529 ms  0x0084ceb7…cf6c
  #19 Kuru Router.deployProxy YES>=30/AUSD                 deployer used   1467042 limit   1467042  0.1496 MON  2538 ms  0x4f1a0e28…841f
  #20 maker approve AUSD -> Kuru MarginAccount             maker    used     56281 limit     56281  0.0057 MON  2092 ms  0x3e029521…2a3b
  #21 maker MarginAccount.deposit AUSD 800                 maker    used    127950 limit    127950  0.0131 MON  1436 ms  0xdc6f6090…f7b8
  #22 maker approve YES>=28 -> MarginAccount               maker    used     69770 limit     69770  0.0071 MON  1523 ms  0x992bb290…5102
  #23 maker MarginAccount.deposit YES>=28 300              maker    used    167259 limit    167259  0.0171 MON  1083 ms  0xa2687ac4…8002
  #24 maker approve YES>=29 -> MarginAccount               maker    used     69770 limit     69770  0.0071 MON  1532 ms  0x2ecc17cc…8d46
  #25 maker MarginAccount.deposit YES>=29 300              maker    used    167259 limit    167259  0.0171 MON  1100 ms  0xcf9df541…cbf0
  #26 maker approve YES>=30 -> MarginAccount               maker    used     69770 limit     69770  0.0071 MON  1191 ms  0xb40b0dec…468e
  #27 maker MarginAccount.deposit YES>=30 300              maker    used    167259 limit    167259  0.0171 MON  1014 ms  0x14ab8dd1…97eb
  #28 maker quote >=28: 200@0.108 / 200@0.149              maker    used    592867 limit    592867  0.0605 MON  1151 ms  0xb9b54306…6534
  #29 maker quote >=29: 200@0.015 / 200@0.056              maker    used    592850 limit    592850  0.0605 MON  1403 ms  0x73ed7c83…5def
  #30 maker quote >=30: 200@0.001 / 200@0.027              maker    used    592787 limit    592787  0.0605 MON  2230 ms  0x6a4474f8…30df
  book >=28C  bestBid 0.108  bestAsk 0.149  market 0x900793BD5091380fe14F2714A7B82de8eA314beB
  book >=29C  bestBid 0.015  bestAsk 0.056  market 0x0a75Aff5899A42218e03533d51866C9e0d0B5196
  book >=30C  bestBid 0.001  bestAsk 0.027  market 0xe83dD9a3b5D7f4638b0D1bb7762e505D71F6224b

== takers
  faucet: global 60 s cooldown (MaxFrequencyExceeded), waiting 15 s
  faucet: global 60 s cooldown (MaxFrequencyExceeded), waiting 15 s
  #31 AUSD faucet.requestFunds -> taker1                   taker1   used    124812 limit    124812  0.0127 MON  1125 ms  0x68bb5553…d5e4
  #32 taker1 approve AUSD -> market >=29                   taker1   used     78209 limit     78209  0.0080 MON  1171 ms  0x700e42fc…ccae
  #33 taker1 Kuru market-buy YES>=29 for 10 AUSD           taker1   used    397318 limit    397318  0.0405 MON  1073 ms  0x59c125b2…88d9
  taker1 got 178.392856 YES>=29 in wallet (1 Trade event(s) at 0.056; expected 178.392857)
  #34 taker1 transfer 200 AUSD -> taker2                   taker1   used     80210 limit     80210  0.0082 MON  1059 ms  0x96d88d5c…5e5f
  #35 taker2 approve AUSD -> Zap (once)                    taker2   used     78593 limit     78593  0.0080 MON  1066 ms  0x87b32600…b344
  #36 taker2 Zap.buyNo >=30 with 40 AUSD (mint set, sell YES) taker2   used    824413 limit    824413  0.0841 MON  1045 ms  0x6bcdb212…b5ba
  taker2 got 40.000000 NO>=30 + 0.039960 AUSD back; net NO price 0.9990 (1 - bid 0.001 - fee)
  #37 taker2 Zap.buyYes >=28 with 26 AUSD                  taker2   used    623629 limit    623629  0.0636 MON  1713 ms  0xe2687492…27c7
  taker2 got 174.322147 YES>=28 (refund 0.000000)
  Zap balance after both flows: 0 AUSD, 0 YES, 0 NO
  book >=28C  bestBid 0.108  bestAsk 0.149
  book >=29C  bestBid 0.015  bestAsk 0.056
  book >=30C  bestBid 0.001  bestAsk 0.027

== requote
  #38 maker re-quote >=28: 200@0.118 / 125@0.159 cancel 2  maker    used    546869 limit    546869  0.0558 MON  2272 ms  0x018e6eb1…6aa2
  #39 maker re-quote >=29: 200@0.005 / 121@0.046 cancel 2  maker    used    546792 limit    546792  0.0558 MON  2427 ms  0x3a0ed5c3…5a6f
  #40 maker re-quote >=30: 200@0.001 / 200@0.037 cancel 2  maker    used    484614 limit    484614  0.0494 MON  1376 ms  0x4e95b339…cc54

== close
  #41 maker pull quotes >=28 (batchCancelOrdersNoRevert x2) maker    used    280631 limit    280631  0.0286 MON  789 ms  0x9d29498d…b9ae
  #42 maker pull quotes >=29 (batchCancelOrdersNoRevert x2) maker    used    280631 limit    280631  0.0286 MON  3063 ms  0xb1a65b24…2bc2
  #43 maker pull quotes >=30 (batchCancelOrdersNoRevert x2) maker    used    280631 limit    280631  0.0286 MON  784 ms  0xa29bc7f0…2e6f
  book >=28C  bestBid none  bestAsk none
  book >=29C  bestBid none  bestAsk none
  book >=30C  bestBid none  bestAsk none

== dayEnd
  waiting for the ZZZZ local day to end: 24 min left (Ctrl-C is safe; resume with RESUME=<repo>/spikes/e2e/logs/live-2026-10-06T15-04-29/state.json)
  waiting for the ZZZZ local day to end: 23 min left (Ctrl-C is safe; resume with RESUME=<repo>/spikes/e2e/logs/live-2026-10-06T15-04-29/state.json)
  waiting for the ZZZZ local day to end: 22 min left (Ctrl-C is safe; resume with RESUME=<repo>/spikes/e2e/logs/live-2026-10-06T15-04-29/state.json)
  waiting for the ZZZZ local day to end: 21 min left (Ctrl-C is safe; resume with RESUME=<repo>/spikes/e2e/logs/live-2026-10-06T15-04-29/state.json)
  waiting for the ZZZZ local day to end: 20 min left (Ctrl-C is safe; resume with RESUME=<repo>/spikes/e2e/logs/live-2026-10-06T15-04-29/state.json)
  waiting for the ZZZZ local day to end: 19 min left (Ctrl-C is safe; resume with RESUME=<repo>/spikes/e2e/logs/live-2026-10-06T15-04-29/state.json)
  waiting for the ZZZZ local day to end: 18 min left (Ctrl-C is safe; resume with RESUME=<repo>/spikes/e2e/logs/live-2026-10-06T15-04-29/state.json)
  waiting for the ZZZZ local day to end: 17 min left (Ctrl-C is safe; resume with RESUME=<repo>/spikes/e2e/logs/live-2026-10-06T15-04-29/state.json)
  waiting for the ZZZZ local day to end: 16 min left (Ctrl-C is safe; resume with RESUME=<repo>/spikes/e2e/logs/live-2026-10-06T15-04-29/state.json)
  waiting for the ZZZZ local day to end: 15 min left (Ctrl-C is safe; resume with RESUME=<repo>/spikes/e2e/logs/live-2026-10-06T15-04-29/state.json)
  waiting for the ZZZZ local day to end: 14 min left (Ctrl-C is safe; resume with RESUME=<repo>/spikes/e2e/logs/live-2026-10-06T15-04-29/state.json)
  waiting for the ZZZZ local day to end: 13 min left (Ctrl-C is safe; resume with RESUME=<repo>/spikes/e2e/logs/live-2026-10-06T15-04-29/state.json)
  waiting for the ZZZZ local day to end: 12 min left (Ctrl-C is safe; resume with RESUME=<repo>/spikes/e2e/logs/live-2026-10-06T15-04-29/state.json)
  waiting for the ZZZZ local day to end: 11 min left (Ctrl-C is safe; resume with RESUME=<repo>/spikes/e2e/logs/live-2026-10-06T15-04-29/state.json)
  waiting for the ZZZZ local day to end: 10 min left (Ctrl-C is safe; resume with RESUME=<repo>/spikes/e2e/logs/live-2026-10-06T15-04-29/state.json)
  waiting for the ZZZZ local day to end: 9 min left (Ctrl-C is safe; resume with RESUME=<repo>/spikes/e2e/logs/live-2026-10-06T15-04-29/state.json)
  waiting for the ZZZZ local day to end: 8 min left (Ctrl-C is safe; resume with RESUME=<repo>/spikes/e2e/logs/live-2026-10-06T15-04-29/state.json)
  waiting for the ZZZZ local day to end: 7 min left (Ctrl-C is safe; resume with RESUME=<repo>/spikes/e2e/logs/live-2026-10-06T15-04-29/state.json)
  waiting for the ZZZZ local day to end: 6 min left (Ctrl-C is safe; resume with RESUME=<repo>/spikes/e2e/logs/live-2026-10-06T15-04-29/state.json)
  waiting for the ZZZZ local day to end: 5 min left (Ctrl-C is safe; resume with RESUME=<repo>/spikes/e2e/logs/live-2026-10-06T15-04-29/state.json)
  waiting for the ZZZZ local day to end: 3 min left (Ctrl-C is safe; resume with RESUME=<repo>/spikes/e2e/logs/live-2026-10-06T15-04-29/state.json)
  waiting for the ZZZZ local day to end: 2 min left (Ctrl-C is safe; resume with RESUME=<repo>/spikes/e2e/logs/live-2026-10-06T15-04-29/state.json)
  waiting for the ZZZZ local day to end: 1 min left (Ctrl-C is safe; resume with RESUME=<repo>/spikes/e2e/logs/live-2026-10-06T15-04-29/state.json)
  vault.duePendingLadders -> ZZZZ/20261006, ZZZY/20261006

== settle
  #44 CRE report ZZZZ tmax=29 via MockKeystoneForwarder    deployer used    220000 limit    220000  0.0224 MON  1896 ms  0x59c4194d…fad3
  ReportProcessed.result=true  LadderResolved status=1 tmax=29  resultOf=(1, 29)  eth_estimateGas=154883 vs used 220000
  #45 CRE replay ZZZZ tmax=35 (must be rejected)           deployer used    220000 limit    220000  0.0224 MON  1889 ms  0x5ad047c3…4c8d
  replay ReportProcessed.result=false (tx succeeds, Resolver rejected it: write-once)
  #46 CRE void report ZZZY                                 deployer used    220000 limit    220000  0.0224 MON  1066 ms  0xc8463e42…79c8

== redeem
  #47 taker1 redeem YES>=29 x178.392856 (29>=29 wins)      taker1   used    162536 limit    162536  0.0166 MON  1518 ms  0x64910cf6…9c02
  #48 taker2 redeem NO>=30 x40.000000 (29<30: NO wins)     taker2   used    162543 limit    162543  0.0166 MON  1394 ms  0x19121ec9…288c
  #49 taker2 redeem YES>=28 x174.322147                    taker2   used    162536 limit    162536  0.0166 MON  1364 ms  0x9f30bb17…9858
  #50 maker MarginAccount.batchWithdrawMaxTokens [AUSD, YES x3] maker    used    301694 limit    301694  0.0308 MON  769 ms  0xf3c97f3d…3a28
  #51 maker redeem losing NO>=29 x500.000000 -> pays 0     maker    used    111071 limit    111071  0.0113 MON  1119 ms  0x39297990…75de
  losing side: maker burned 500.000000 NO>=29, payout 0.000000 AUSD
  #52 maker redeem >=28 YES x325.503356 NO x500.000000     maker    used    202922 limit    202922  0.0207 MON  1015 ms  0x98a831ed…1d1a
  #53 maker redeem >=29 YES x321.428572 NO x0.000000       maker    used    162536 limit    162536  0.0166 MON  1681 ms  0x9d4f803b…ead9
  #54 maker redeem >=30 YES x540.000000 NO x500.000000     maker    used    202920 limit    202920  0.0207 MON  2302 ms  0x5f294c95…64f9
  #55 maker redeem void ZZZY YES x100 -> 0.5 each          maker    used    162342 limit    162342  0.0166 MON  1647 ms  0xb6f519ad…f145
  #56 maker redeem void ZZZY NO x100 -> 0.5 each           maker    used    162351 limit    162351  0.0166 MON  1354 ms  0xfa0c58db…9eea
  void: 100 YES -> 50.000000 AUSD, 100 NO -> 50.000000 AUSD

== stale

== checks
  ZZZZ-20261006-GE28-Y   payout YES/NO 1/0  collateral 0.174497  outstanding claims 0.174497
  ZZZZ-20261006-GE29-Y   payout YES/NO 1/0  collateral 0.178572  outstanding claims 0.178572
  ZZZZ-20261006-GE30-Y   payout YES/NO 0/1  collateral 0.000000  outstanding claims 0.000000
  ZZZY-20261006-GE25-Y   payout YES/NO 0.5/0.5  collateral 0.000000  outstanding claims 0.000000
  vault AUSD 0.353069 == sum(series collateral) 0.353069  (the remaining claims are Kuru's taker-fee YES)
  taker1: paid 10 AUSD for 178.392856 YES>=29, redeemed 178.392856 -> P&L 168.392856 AUSD
  taker2: NO>=30 cost 39.960040 for 40.000000 (paid 40.000000); YES>=28 cost 26 for 174.322147 (paid 174.322147)

== budgetProbe

#   phase     step                                                       from       gas used  gas limit   MON@102      ms  tx
1   fund      MON 0.7273 deployer -> maker                               deployer      23282      23282    0.0024    1091  0xe1f5e969695d8b210d89dbf6eaee86cd9a8f3d35f07600766431e2dd9d7fe8db
2   fund      MON 0.0335 deployer -> taker1                              deployer      23282      23282    0.0024    1045  0x11f470a112b8f853caf5ef94e8cb0019ac4716024258436ede5df881ca2ea7cf
3   fund      MON 0.3 deployer -> taker2                                 deployer      23282      23282    0.0024     807  0xff2276481e13bbcca85c85ed279690c04d62496123a11638b57022433b100d17
4   deploy    deploy Resolver (forwarder=MockKeystoneForwarder, attester deployer    2842738    2842738    0.2900    1773  0x32f119dc4b5d3c155d5ced1820071b798e3867f54e3dbd8c9543a635c15ae718
5   deploy    deploy CollateralVault (+OutcomeToken impl)                deployer    4835189    4835189    0.4932    1628  0x543f07a8c945e9bbe16540f436a49e096140bd8ee7201dd38d1caf0c5c56f802
6   deploy    registerStation ZZZZ UTC+8.5h                              deployer      67843      67843    0.0069    1404  0xf86d7d68a6be455cb8d432df58a8b295bc0928cf3530e20f3828359b0bd3ceb9
7   deploy    registerStation ZZZY UTC+8.5h                              deployer      67843      67843    0.0069    1055  0x7c9c61a1eb72579173a850a17b9b065bd32b0bd8e91139c070e1ae4cb0510e20
8   deploy    deploy IsothermZap (Kuru router, vault)                    deployer    1537252    1537252    0.1568    1898  0x08523a309a890a8af40eb4d6112a798847263200f2a14e82e895d0acd7bb2de8
9   ladder    createLadder ZZZZ 20261006 strikes [28,29,30]              deployer     942386     942386    0.0961    2712  0xda4feb6d75e3b8c5649d33ec8722ebfac724687154188e538a866a4d9cffb60d
10  ladder    createSeries ZZZY 20261006 >=25                            deployer     405848     405848    0.0414    1543  0x1c86b42780a4271d20869a1618ad85c70c26fba77fc11ae01aa9d9175448615a
11  maker     AUSD faucet.requestFunds -> maker                          maker        124812     124812    0.0127    1067  0xe2e1d1cf96d2644b887ba2c149df465265bcb775ed2401f15173e7834236fa2b
12  maker     maker approve AUSD -> vault                                maker         78593      78593    0.0080    1525  0xf8398166940153ad0875be06b12c3264bcb011aae27096ce0b8117cbfc484510
13  maker     maker mintSet >=28 x500                                    maker        310889     310889    0.0317    1028  0x44c9bcb5fada1cab1cc4135cda37072d687c04c06b5c62364796b5f1060401b4
14  maker     maker mintSet >=29 x500                                    maker        292042     292042    0.0298    1410  0x775e39a4464a5fe88c9006d10e4d48e3a97b06832b2bd79daf4ca2e07acd3514
15  maker     maker mintSet >=30 x500                                    maker        292042     292042    0.0298    1062  0xc6b6599852a23653f9a6aaf185e79665dde7995c9a1a4893fdd9e8c6248ff200
16  maker     maker mintSet void-ladder ZZZY x100                        maker        292014     292014    0.0298    2268  0x3453558c85ea27b414043e0b5aa966217efc36e8fdb3a852d0cb353d1eb5c46c
17  markets   Kuru Router.deployProxy YES>=28/AUSD                       deployer    1467042    1467042    0.1496    2289  0x4ee2e4f471d2c08a3e009125e4b29bac0af1d883060baf7b1920fb59f7c3083e
18  markets   Kuru Router.deployProxy YES>=29/AUSD                       deployer    1467042    1467042    0.1496    1529  0x0084ceb7fa51572b20672fac30cf4caea7acb20ac69189f87a9c33ff0a89cf6c
19  markets   Kuru Router.deployProxy YES>=30/AUSD                       deployer    1467042    1467042    0.1496    2538  0x4f1a0e280f5d613c69b32f25f4608957cadd5793a58cb3e9b2caad54963a841f
20  markets   maker approve AUSD -> Kuru MarginAccount                   maker         56281      56281    0.0057    2092  0x3e029521e74158a69e771bb7c91affb5f0b92a6b803c4d95b25fdb41ee8b2a3b
21  markets   maker MarginAccount.deposit AUSD 800                       maker        127950     127950    0.0131    1436  0xdc6f6090121520d6a511aa4e83f6bb8f4adeb2e64ef3ec29c1281a69ad7af7b8
22  markets   maker approve YES>=28 -> MarginAccount                     maker         69770      69770    0.0071    1523  0x992bb2900009a9b9be494445d25a5b4ba7857c1cd1dc119c8eb651f4bbf55102
23  markets   maker MarginAccount.deposit YES>=28 300                    maker        167259     167259    0.0171    1083  0xa2687ac4d07e55f89ffdf60513903fe5eb9c5c27c038f37ad33faab4feb58002
24  markets   maker approve YES>=29 -> MarginAccount                     maker         69770      69770    0.0071    1532  0x2ecc17ccaef7a4ad842dae39914df97420da0afac08fb80d9603fdfe2ff98d46
25  markets   maker MarginAccount.deposit YES>=29 300                    maker        167259     167259    0.0171    1100  0xcf9df54177d83d9e79d92e1b4c2197ad361b066912b0da778fc2ff60281bcbf0
26  markets   maker approve YES>=30 -> MarginAccount                     maker         69770      69770    0.0071    1191  0xb40b0dec2cd68c50ba21ffe415d6ea0bc3ddfd79b1f3cb021f342cf4d97b468e
27  markets   maker MarginAccount.deposit YES>=30 300                    maker        167259     167259    0.0171    1014  0x14ab8dd12675dd3d99afda190355c1dce5dfe6bf3a4e124a95133fc88b9097eb
28  markets   maker quote >=28: 200@0.108 / 200@0.149                    maker        592867     592867    0.0605    1151  0xb9b54306478ee4d87c21ba73f04276dbbca110a510819af7695dbbb2183d6534
29  markets   maker quote >=29: 200@0.015 / 200@0.056                    maker        592850     592850    0.0605    1403  0x73ed7c83c64e91eb78fbc2c1766a6f2ebb1f0d67519bf972caf305e717fc5def
30  markets   maker quote >=30: 200@0.001 / 200@0.027                    maker        592787     592787    0.0605    2230  0x6a4474f86e3b5c7433f813b4dc8a6920a63edf6c94eb30ebb335c4246d1a30df
31  takers    AUSD faucet.requestFunds -> taker1                         taker1       124812     124812    0.0127    1125  0x68bb555307f52ecabeec98299d32e012f67a5ea2fc9a0d255f1b1df6c9d6d5e4
32  takers    taker1 approve AUSD -> market >=29                         taker1        78209      78209    0.0080    1171  0x700e42fcb960262ef61835c5295586286bbd2c94171757373a3011aad372ccae
33  takers    taker1 Kuru market-buy YES>=29 for 10 AUSD                 taker1       397318     397318    0.0405    1073  0x59c125b2bb41cc7e525561877b69cf7eb013276d8fb5dc7bf52c0efbecd988d9
34  takers    taker1 transfer 200 AUSD -> taker2                         taker1        80210      80210    0.0082    1059  0x96d88d5cf861dce0f55466ea114f622e7ccac9c4ac0740ddef549aea59115e5f
35  takers    taker2 approve AUSD -> Zap (once)                          taker2        78593      78593    0.0080    1066  0x87b32600b3ccc12babfcdaca4c6f139124317e95f1fb3154d5a7962e42f9b344
36  takers    taker2 Zap.buyNo >=30 with 40 AUSD (mint set, sell YES)    taker2       824413     824413    0.0841    1045  0x6bcdb2120693dc85cf0255cf346603e8af252bf6c291a05e353e35a5e6cdb5ba
37  takers    taker2 Zap.buyYes >=28 with 26 AUSD                        taker2       623629     623629    0.0636    1713  0xe268749200675b26a730d2d5df74e328a5a1ff373d0efeb65bb7f46a91e227c7
38  requote   maker re-quote >=28: 200@0.118 / 125@0.159 cancel 2        maker        546869     546869    0.0558    2272  0x018e6eb10de83fafb32a530b3ec4a5e852e563ebe1ee7bf454ae9b24bc266aa2
39  requote   maker re-quote >=29: 200@0.005 / 121@0.046 cancel 2        maker        546792     546792    0.0558    2427  0x3a0ed5c3f24fc4e32cdf301358a8d9211bd13053c0cddcc1e9c4b3b9a47f5a6f
40  requote   maker re-quote >=30: 200@0.001 / 200@0.037 cancel 2        maker        484614     484614    0.0494    1376  0x4e95b3392b8518eb30c8dd2fb2e72e51ec11b21ab259837ee0502e3a0af2cc54
41  close     maker pull quotes >=28 (batchCancelOrdersNoRevert x2)      maker        280631     280631    0.0286     789  0x9d29498d0184a26c514ff2d5ffc85b0fae91b1cac73bb514e8de0011e238b9ae
42  close     maker pull quotes >=29 (batchCancelOrdersNoRevert x2)      maker        280631     280631    0.0286    3063  0xb1a65b24f2b28b2013ec3cb1c10ddd4f26e2e29375bc213fd3c292edfdfb2bc2
43  close     maker pull quotes >=30 (batchCancelOrdersNoRevert x2)      maker        280631     280631    0.0286     784  0xa29bc7f0eba8ceb889ecf783fb8cf2f73ed1e36bd558191266d5510be2cf2e6f
44  settle    CRE report ZZZZ tmax=29 via MockKeystoneForwarder          deployer     220000     220000    0.0224    1896  0x59c4194d7141e113bfa32283bf2937bd3b7ba4c2038fd1e24df99eff929bfad3
45  settle    CRE replay ZZZZ tmax=35 (must be rejected)                 deployer     220000     220000    0.0224    1889  0x5ad047c398bbc9e24196d7b1e778748aacb899c113a769821f7f3156b9aa4c8d
46  settle    CRE void report ZZZY                                       deployer     220000     220000    0.0224    1066  0xc8463e42e8a41b1aff8866cb6518686da7f438840b1640ca14e40283bfba79c8
47  redeem    taker1 redeem YES>=29 x178.392856 (29>=29 wins)            taker1       162536     162536    0.0166    1518  0x64910cf6331bbd8ad14912722a4936ef2f2f7387a6021dda8526b024d7779c02
48  redeem    taker2 redeem NO>=30 x40.000000 (29<30: NO wins)           taker2       162543     162543    0.0166    1394  0x19121ec9854fa9f8285f0b653c138e75ac724d17bf7f1c7df2a5a49b3414288c
49  redeem    taker2 redeem YES>=28 x174.322147                          taker2       162536     162536    0.0166    1364  0x9f30bb17a8b3ae07bc4ab3eebd246518c3a3fc00462218ddab139e146e4b9858
50  redeem    maker MarginAccount.batchWithdrawMaxTokens [AUSD, YES x3]  maker        301694     301694    0.0308     769  0xf3c97f3dda2f156474308e6887646d0f0699bbc61dc3e0a13b608bf6134f3a28
51  redeem    maker redeem losing NO>=29 x500.000000 -> pays 0           maker        111071     111071    0.0113    1119  0x39297990c78b956e5337b3cabfc79ae665ff26213ca46f7e37bd2038d2d475de
52  redeem    maker redeem >=28 YES x325.503356 NO x500.000000           maker        202922     202922    0.0207    1015  0x98a831ed82a6eff2600c4a16395018d67c7a997b7325cd4e18dcc802cd171d1a
53  redeem    maker redeem >=29 YES x321.428572 NO x0.000000             maker        162536     162536    0.0166    1681  0x9d4f803bc75e869a9f8c09cac025b028990e886bf3e5a55fd0b0abb39f1cead9
54  redeem    maker redeem >=30 YES x540.000000 NO x500.000000           maker        202920     202920    0.0207    2302  0x5f294c95deffb21f87c4a9042e42402cf45949eca06f9194bb578283b3fe64f9
55  redeem    maker redeem void ZZZY YES x100 -> 0.5 each                maker        162342     162342    0.0166    1647  0xb6f519ad6cf69b66ed7e4b3557f2898f1c1a6a13b2d566aba1aa07495352f145
56  redeem    maker redeem void ZZZY NO x100 -> 0.5 each                 maker        162351     162351    0.0166    1354  0xfa0c58dbdd35cf6d3c7ff6eca13e7631edd06687da3d1ebf41d74ae099cf9eea

TOTAL 56 txs: gas used 26315088, gas limit (billed) 26315088, 2.6841 MON at 102 gwei
per wallet (live-relevant steps only): deployer 1.6147, maker 0.7946, taker1 0.0860, taker2 0.1889
latency send->receipt: median 1403 ms, min 769, max 3063 (live)

DAILY TESTNET-MON BUDGET, 1 city x 6 strikes, hourly re-quotes (billed gas limit x 102 gwei; measured per op on live)
  createLadder, 6 strikes (12 token clones)               1 x   1696294 gas = 0.1730 MON
  Kuru Router.deployProxy, one book per strike            6 x   1467042 gas = 0.8978 MON
  maker mintSet (inventory per strike)                    6 x    298324 gas = 0.1826 MON
  maker approve new YES -> MarginAccount                  6 x     69770 gas = 0.0427 MON
  maker MarginAccount.deposit YES                         6 x    167259 gas = 0.1024 MON
  maker MarginAccount.deposit AUSD (daily top-up)         1 x    127950 gas = 0.0131 MON
  maker initial quote (1 bid + 1 ask)                     6 x    592834 gas = 0.3628 MON
  maker HOURLY re-quote (cancel 2 + place 2), 24 x 6    144 x    526091 gas = 7.7272 MON
  maker pulls quotes at close                             6 x    280631 gas = 0.1717 MON
  CRE settlement report (sim forwarder: we pay)           1 x    220000 gas = 0.0224 MON
  maker MarginAccount withdraw                            1 x    301694 gas = 0.0308 MON
  maker redeem                                            6 x    189459 gas = 0.1159 MON
  TOTAL per city-day                                   9.842 MON  (fixed 2.115 + re-quotes 7.727)
  variants: re-quote only strikes that moved >=1 tick (~half): 5.979 MON/day; every 30 min (METAR cadence): 17.570 MON/day
  per user trade (paid by the user or a relayer): taker buy 0.0405, Zap.buyNo 0.0841, Zap.buyYes 0.0636, redeem 0.0166 MON

E2E OK (live). Evidence: <repo>/spikes/e2e/logs/live-2026-10-06T15-04-29/{console.txt,steps.tsv,steps.jsonl,summary.json,state.json}
