{"t":"2026-10-07T05:29:03.125Z","kind":"listening","port":19288,"anvil":"http://127.0.0.1:19251","allowlist":[]}
{"t":"2026-10-07T05:29:30.719Z","kind":"byok-challenge","address":"0x9F6AF0b5E8091B867500D9E2a3240Bd92259a543","auth":"Bearer <redacted>"}
{"t":"2026-10-07T05:29:30.725Z","kind":"byok-register","address":"0x9F6AF0b5E8091B867500D9E2a3240Bd92259a543","hasSignature":true,"auth":"Bearer <redacted>"}
{"t":"2026-10-07T05:29:30.727Z","kind":"trading-mode","method":"GET","wallet":"0x9F6AF0b5E8091B867500D9E2a3240Bd92259a543"}
{"t":"2026-10-07T05:30:34.113Z","kind":"gateway-real-mirror","chainId":10143}
{"t":"2026-10-07T05:30:48.423Z","kind":"tx-request","requestId":"43555721-cec0-4ad3-ae6c-0bfcf5c95d89","chainId":10143,"to":"0xa9012a055bd4e0edff8ce09f960291c09d5322dc","intent":"AUSD for the Isotherm Zap: approve exact amount","signed":true,"auth":"Bearer <redacted>"}
{"t":"2026-10-07T05:30:48.429Z","kind":"tx-broadcast","requestId":"43555721-cec0-4ad3-ae6c-0bfcf5c95d89","hash":"0xc3582eb54901c5bd529a6cd3a66e68d94151db9c0276d4152bbc18420a8b8bd2","txKeys":["from","to","chainId","data","value","nonce","gasLimit","maxFeePerGas","maxPriorityFeePerGas"],"ms":6}
{"t":"2026-10-07T05:30:48.442Z","kind":"tx-status","requestId":"43555721-cec0-4ad3-ae6c-0bfcf5c95d89","status":"CONFIRMED","gasUsed":"0x1125d"}
{"t":"2026-10-07T05:30:48.800Z","kind":"tx-request","requestId":"efd3f84e-c4e4-4b69-b998-fc2a887703f9","chainId":10143,"to":"0x1b1d91ebd1590c7814aedcae66ac6ded492c792e","intent":"Isotherm buyYes Tmax>=30C Taipei 2026-10-08","signed":true,"auth":"Bearer <redacted>"}
{"t":"2026-10-07T05:30:48.801Z","kind":"tx-broadcast","requestId":"efd3f84e-c4e4-4b69-b998-fc2a887703f9","hash":"0xeb5237d89f0fc874ec5f8663f925f3904706754bbb5b3f0ca74779f70c3a444f","txKeys":["from","to","chainId","data","value","nonce","gasLimit","maxFeePerGas","maxPriorityFeePerGas"],"ms":1}
{"t":"2026-10-07T05:30:48.813Z","kind":"tx-status","requestId":"efd3f84e-c4e4-4b69-b998-fc2a887703f9","status":"CONFIRMED","gasUsed":"0x794b7"}
{"t":"2026-10-07T05:30:49.556Z","kind":"tx-request","requestId":"5f5cd930-27a9-4658-a1b5-f3ba53f3f7c5","chainId":10143,"to":"0xa9012a055bd4e0edff8ce09f960291c09d5322dc","intent":"AUSD for the Isotherm Zap: approve exact amount","signed":true,"auth":"Bearer <redacted>"}
{"t":"2026-10-07T05:30:49.557Z","kind":"tx-broadcast","requestId":"5f5cd930-27a9-4658-a1b5-f3ba53f3f7c5","hash":"0x6479218ba391e1976f170342e92e438fe5021b08f9b3acaf328e371e5c3bd104","txKeys":["from","to","chainId","data","value","nonce","gasLimit","maxFeePerGas","maxPriorityFeePerGas"],"ms":1}
{"t":"2026-10-07T05:30:49.571Z","kind":"tx-status","requestId":"5f5cd930-27a9-4658-a1b5-f3ba53f3f7c5","status":"CONFIRMED","gasUsed":"0x1125d"}
{"t":"2026-10-07T05:30:49.780Z","kind":"tx-request","requestId":"ea66d34b-80e2-439e-8f79-61b057787605","chainId":10143,"to":"0x1b1d91ebd1590c7814aedcae66ac6ded492c792e","intent":"Isotherm buyNo Tmax>=29C Taipei 2026-10-08","signed":true,"auth":"Bearer <redacted>"}
{"t":"2026-10-07T05:30:49.781Z","kind":"tx-broadcast","requestId":"ea66d34b-80e2-439e-8f79-61b057787605","hash":"0x055522041bfc46373d05267d6036b29cbea9531a7e17f42a0eb71927ff06ef55","txKeys":["from","to","chainId","data","value","nonce","gasLimit","maxFeePerGas","maxPriorityFeePerGas"],"ms":1}
{"t":"2026-10-07T05:30:49.792Z","kind":"tx-status","requestId":"ea66d34b-80e2-439e-8f79-61b057787605","status":"CONFIRMED","gasUsed":"0xa0565"}
{"t":"2026-10-07T05:30:52.928Z","kind":"tx-request","requestId":"c096962d-3ce1-4673-b4ee-1b548d50c465","chainId":10143,"to":"0xa9012a055bd4e0edff8ce09f960291c09d5322dc","intent":"AUSD for the Isotherm Zap: approve unlimited","signed":true,"auth":"Bearer <redacted>"}
{"t":"2026-10-07T05:30:52.930Z","kind":"tx-broadcast","requestId":"c096962d-3ce1-4673-b4ee-1b548d50c465","hash":"0xe2fec7061d7d1bd822970e50f00ea5ad9b43bd100d218e0e1999cff8127a9efa","txKeys":["from","to","chainId","data","value","nonce","gasLimit","maxFeePerGas","maxPriorityFeePerGas"],"ms":2}
{"t":"2026-10-07T05:30:52.943Z","kind":"tx-status","requestId":"c096962d-3ce1-4673-b4ee-1b548d50c465","status":"CONFIRMED","gasUsed":"0x113b9"}
{"t":"2026-10-07T05:30:53.156Z","kind":"tx-request","requestId":"0d698820-7263-43b5-93a3-f860455427ab","chainId":10143,"to":"0x1b1d91ebd1590c7814aedcae66ac6ded492c792e","intent":"Isotherm buyYes Tmax>=29C Taipei 2026-10-07","signed":true,"auth":"Bearer <redacted>"}
{"t":"2026-10-07T05:30:53.157Z","kind":"tx-broadcast","requestId":"0d698820-7263-43b5-93a3-f860455427ab","hash":"0x1df8b45b0650ee857c9e431078e242d905926e07aacbebe5dc851ed9dcb3661c","txKeys":["from","to","chainId","data","value","nonce","gasLimit","maxFeePerGas","maxPriorityFeePerGas"],"ms":1}
{"t":"2026-10-07T05:30:53.168Z","kind":"tx-status","requestId":"0d698820-7263-43b5-93a3-f860455427ab","status":"CONFIRMED","gasUsed":"0x78931"}
{"t":"2026-10-07T05:30:54.773Z","kind":"tx-request","requestId":"8791d30b-5400-406d-b66d-339e61ae9d70","chainId":10143,"to":"0x1b1d91ebd1590c7814aedcae66ac6ded492c792e","intent":"Isotherm buyNo Tmax>=30C Taipei 2026-10-07","signed":true,"auth":"Bearer <redacted>"}
{"t":"2026-10-07T05:30:54.773Z","kind":"tx-broadcast","requestId":"8791d30b-5400-406d-b66d-339e61ae9d70","hash":"0x37c3a3f508621cb3e604bcf10089a5e0549d0f55a43fc581c596ca4c3dc32985","txKeys":["from","to","chainId","data","value","nonce","gasLimit","maxFeePerGas","maxPriorityFeePerGas"],"ms":0}
{"t":"2026-10-07T05:30:54.786Z","kind":"tx-status","requestId":"8791d30b-5400-406d-b66d-339e61ae9d70","status":"CONFIRMED","gasUsed":"0x9f76f"}
{"t":"2026-10-07T05:30:56.633Z","kind":"tx-request","requestId":"94796d7a-51fb-4d7b-abd8-19b3aab1a113","chainId":10143,"to":"0x1b1d91ebd1590c7814aedcae66ac6ded492c792e","intent":"Isotherm buyYes Tmax>=27C Taipei 2026-10-07","signed":true,"auth":"Bearer <redacted>"}
{"t":"2026-10-07T05:30:56.633Z","kind":"tx-broadcast","requestId":"94796d7a-51fb-4d7b-abd8-19b3aab1a113","hash":"0x830749ed8f1f3e412ef4f51f204a976784b2de37335914b9d0c0ba9e339fc007","txKeys":["from","to","chainId","data","value","nonce","gasLimit","maxFeePerGas","maxPriorityFeePerGas"],"ms":0}
{"t":"2026-10-07T05:30:56.646Z","kind":"tx-status","requestId":"94796d7a-51fb-4d7b-abd8-19b3aab1a113","status":"CONFIRMED","gasUsed":"0x788cd"}
{"t":"2026-10-07T05:30:57.388Z","kind":"tx-request","requestId":"8e5c3562-e002-419c-9a49-0ca6b0f5f226","chainId":10143,"to":"0x60f2e68c25cff94c5e9978918516b156db9ad7f3","intent":"YES Tmax>=30C for the Isotherm Zap: approve exact amount","signed":true,"auth":"Bearer <redacted>"}
{"t":"2026-10-07T05:30:57.389Z","kind":"tx-broadcast","requestId":"8e5c3562-e002-419c-9a49-0ca6b0f5f226","hash":"0xe2b264afaa7056128fc087595b77a95e34d6244b4b0dbe9f39fddf6227b4b651","txKeys":["from","to","chainId","data","value","nonce","gasLimit","maxFeePerGas","maxPriorityFeePerGas"],"ms":0}
{"t":"2026-10-07T05:30:57.402Z","kind":"tx-status","requestId":"8e5c3562-e002-419c-9a49-0ca6b0f5f226","status":"CONFIRMED","gasUsed":"0xf334"}
{"t":"2026-10-07T05:30:57.458Z","kind":"tx-request","requestId":"59062a4c-55c9-4fa4-980d-b72091676659","chainId":10143,"to":"0x1b1d91ebd1590c7814aedcae66ac6ded492c792e","intent":"Isotherm sellYes Tmax>=30C Taipei 2026-10-08","signed":true,"auth":"Bearer <redacted>"}
{"t":"2026-10-07T05:30:57.458Z","kind":"tx-broadcast","requestId":"59062a4c-55c9-4fa4-980d-b72091676659","hash":"0xecf10709b68fc8b02f6b00c77f9dfd4110b8c820318aee54c99d09da4459e134","txKeys":["from","to","chainId","data","value","nonce","gasLimit","maxFeePerGas","maxPriorityFeePerGas"],"ms":0}
{"t":"2026-10-07T05:30:57.467Z","kind":"tx-status","requestId":"59062a4c-55c9-4fa4-980d-b72091676659","status":"CONFIRMED","gasUsed":"0x7b99a"}
{"t":"2026-10-07T05:30:58.414Z","kind":"tx-request","requestId":"e024a6e3-ff34-4d03-87c2-f25e92b4fd32","chainId":10143,"to":"0x1b1d91ebd1590c7814aedcae66ac6ded492c792e","intent":"Isotherm buyYes (to close NO) Tmax>=29C Taipei 2026-10-08","signed":true,"auth":"Bearer <redacted>"}
{"t":"2026-10-07T05:30:58.415Z","kind":"tx-broadcast","requestId":"e024a6e3-ff34-4d03-87c2-f25e92b4fd32","hash":"0x1c48059747c2cf34ad5130126e6c45b54b91b33ec295e35377cfff6a2635e69e","txKeys":["from","to","chainId","data","value","nonce","gasLimit","maxFeePerGas","maxPriorityFeePerGas"],"ms":1}
{"t":"2026-10-07T05:30:58.428Z","kind":"tx-status","requestId":"e024a6e3-ff34-4d03-87c2-f25e92b4fd32","status":"CONFIRMED","gasUsed":"0x7889d"}
{"t":"2026-10-07T05:30:58.469Z","kind":"tx-request","requestId":"57ac90f9-d6fa-458b-8b8f-776d4b9804cc","chainId":10143,"to":"0xc83fe722eb5bd29a0355c090f14ccb0605153713","intent":"Isotherm merge 4.000000 YES+NO -> AUSD","signed":true,"auth":"Bearer <redacted>"}
{"t":"2026-10-07T05:30:58.470Z","kind":"tx-broadcast","requestId":"57ac90f9-d6fa-458b-8b8f-776d4b9804cc","hash":"0xde58e518b10d2e8416ca1a99a856f27c30142692dd2075af3e5841438ecd29f7","txKeys":["from","to","chainId","data","value","nonce","gasLimit","maxFeePerGas","maxPriorityFeePerGas"],"ms":1}
{"t":"2026-10-07T05:30:58.478Z","kind":"tx-status","requestId":"57ac90f9-d6fa-458b-8b8f-776d4b9804cc","status":"CONFIRMED","gasUsed":"0x270d5"}
{"t":"2026-10-07T05:30:59.407Z","kind":"tx-request","requestId":"5002eda8-c1c6-4bb0-a132-9456d08582d5","chainId":10143,"to":"0x1b1d91ebd1590c7814aedcae66ac6ded492c792e","intent":"Isotherm buyYes Tmax>=31C Taipei 2026-10-08","signed":true,"auth":"Bearer <redacted>"}
{"t":"2026-10-07T05:30:59.408Z","kind":"tx-broadcast","requestId":"5002eda8-c1c6-4bb0-a132-9456d08582d5","hash":"0xe39b53385ad8edd33b52cb02b6c95648592f88461641cbbe2f7499cc21a47293","txKeys":["from","to","chainId","data","value","nonce","gasLimit","maxFeePerGas","maxPriorityFeePerGas"],"ms":1}
{"t":"2026-10-07T05:30:59.421Z","kind":"tx-status","requestId":"5002eda8-c1c6-4bb0-a132-9456d08582d5","status":"CONFIRMED","gasUsed":"0x7887f"}
{"t":"2026-10-07T05:31:00.177Z","kind":"tx-request","requestId":"9e03cc47-c86a-4375-a803-58aca753b93a","chainId":10143,"to":"0x1b1d91ebd1590c7814aedcae66ac6ded492c792e","intent":"Isotherm buyNo Tmax>=31C Taipei 2026-10-08","signed":true,"auth":"Bearer <redacted>"}
{"t":"2026-10-07T05:31:00.177Z","kind":"tx-broadcast","requestId":"9e03cc47-c86a-4375-a803-58aca753b93a","hash":"0xb1f47d539e57058929026545ff5c1551faf07d8f8319724026425f01e70eada7","txKeys":["from","to","chainId","data","value","nonce","gasLimit","maxFeePerGas","maxPriorityFeePerGas"],"ms":0}
{"t":"2026-10-07T05:31:00.190Z","kind":"tx-status","requestId":"9e03cc47-c86a-4375-a803-58aca753b93a","status":"CONFIRMED","gasUsed":"0x9f82f"}
{"t":"2026-10-07T05:31:04.195Z","kind":"tx-request","requestId":"5d273141-121b-41df-b73c-565b259c588d","chainId":10143,"to":"0xc83fe722eb5bd29a0355c090f14ccb0605153713","intent":"Isotherm merge 3.000000 YES+NO Tmax>=31C Taipei 2026-10-08","signed":true,"auth":"Bearer <redacted>"}
{"t":"2026-10-07T05:31:04.196Z","kind":"tx-broadcast","requestId":"5d273141-121b-41df-b73c-565b259c588d","hash":"0x989ef56d852b6856b2ca9e52e842a9ad498c367580416c8b1cb15fcce3d51985","txKeys":["from","to","chainId","data","value","nonce","gasLimit","maxFeePerGas","maxPriorityFeePerGas"],"ms":1}
{"t":"2026-10-07T05:31:04.209Z","kind":"tx-status","requestId":"5d273141-121b-41df-b73c-565b259c588d","status":"CONFIRMED","gasUsed":"0x270e1"}
{"t":"2026-10-07T05:31:05.805Z","kind":"tx-request","requestId":"a6deccff-c437-45e8-81ba-1242142a5465","chainId":10143,"to":"0xa9012a055bd4e0edff8ce09f960291c09d5322dc","intent":"AUSD for the Kuru MarginAccount: approve exact amount","signed":true,"auth":"Bearer <redacted>"}
{"t":"2026-10-07T05:31:05.806Z","kind":"tx-broadcast","requestId":"a6deccff-c437-45e8-81ba-1242142a5465","hash":"0xce035004c3f68a303c67dd29eb2c744115987ecbae0de3441e48436aa55fe3bb","txKeys":["from","to","chainId","data","value","nonce","gasLimit","maxFeePerGas","maxPriorityFeePerGas"],"ms":1}
{"t":"2026-10-07T05:31:05.819Z","kind":"tx-status","requestId":"a6deccff-c437-45e8-81ba-1242142a5465","status":"CONFIRMED","gasUsed":"0x11251"}
{"t":"2026-10-07T05:31:05.860Z","kind":"tx-request","requestId":"a6e1493d-2ace-48ec-9286-f20c1252e6b1","chainId":10143,"to":"0xd029c2d98ff85d8f64799017fe00a59b1159ce02","intent":"Kuru MarginAccount deposit 2.100000 AUSD","signed":true,"auth":"Bearer <redacted>"}
{"t":"2026-10-07T05:31:05.861Z","kind":"tx-broadcast","requestId":"a6e1493d-2ace-48ec-9286-f20c1252e6b1","hash":"0x6921afd84a70e7ff965b7a4b1e360fc0bd9392b928d593fa3525e4680cf462bc","txKeys":["from","to","chainId","data","value","nonce","gasLimit","maxFeePerGas","maxPriorityFeePerGas"],"ms":0}
{"t":"2026-10-07T05:31:05.869Z","kind":"tx-status","requestId":"a6e1493d-2ace-48ec-9286-f20c1252e6b1","status":"CONFIRMED","gasUsed":"0x20cd4"}
{"t":"2026-10-07T05:31:05.909Z","kind":"tx-request","requestId":"ec545bcd-e2a5-4b62-b7b8-b2dbdbdd8abf","chainId":10143,"to":"0x9567594d6d19afdfbe1df99d5a7c3191a4e038c2","intent":"Kuru buy 30.000000 RCSS-20261008-GE31-Y @ 0.0700 AUSD (post-only)","signed":true,"auth":"Bearer <redacted>"}
{"t":"2026-10-07T05:31:05.909Z","kind":"tx-broadcast","requestId":"ec545bcd-e2a5-4b62-b7b8-b2dbdbdd8abf","hash":"0x7c0b3a3bc153e2a7611c77a38e3912b3dbfd6e9e1c916bc6906131652b464382","txKeys":["from","to","chainId","data","value","nonce","gasLimit","maxFeePerGas","maxPriorityFeePerGas"],"ms":0}
{"t":"2026-10-07T05:31:05.917Z","kind":"tx-status","requestId":"ec545bcd-e2a5-4b62-b7b8-b2dbdbdd8abf","status":"CONFIRMED","gasUsed":"0x37663"}
{"t":"2026-10-07T05:31:07.804Z","kind":"tx-request","requestId":"77d7355d-4e01-4594-9fbb-798595e2cf3f","chainId":10143,"to":"0x9567594d6d19afdfbe1df99d5a7c3191a4e038c2","intent":"Kuru cancel 1 order(s) on 0x9567594d…","signed":true,"auth":"Bearer <redacted>"}
{"t":"2026-10-07T05:31:07.805Z","kind":"tx-broadcast","requestId":"77d7355d-4e01-4594-9fbb-798595e2cf3f","hash":"0x16dc67894e5e80dc9aaa3c08579a481fd2d6e218e7e1a4f4751792ada4711c82","txKeys":["from","to","chainId","data","value","nonce","gasLimit","maxFeePerGas","maxPriorityFeePerGas"],"ms":1}
{"t":"2026-10-07T05:31:07.818Z","kind":"tx-status","requestId":"77d7355d-4e01-4594-9fbb-798595e2cf3f","status":"CONFIRMED","gasUsed":"0x283cf"}
{"t":"2026-10-07T05:31:07.870Z","kind":"tx-request","requestId":"1ffe7c7e-56b0-47f2-a8ba-e97544084c7c","chainId":10143,"to":"0xd029c2d98ff85d8f64799017fe00a59b1159ce02","intent":"Kuru MarginAccount withdraw all (base + quote)","signed":true,"auth":"Bearer <redacted>"}
{"t":"2026-10-07T05:31:07.870Z","kind":"tx-broadcast","requestId":"1ffe7c7e-56b0-47f2-a8ba-e97544084c7c","hash":"0x462d6a0b227e470d860b1f1cbc1e6dead5cab112689a2d5e9be206e6859515ff","txKeys":["from","to","chainId","data","value","nonce","gasLimit","maxFeePerGas","maxPriorityFeePerGas"],"ms":0}
{"t":"2026-10-07T05:31:07.879Z","kind":"tx-status","requestId":"1ffe7c7e-56b0-47f2-a8ba-e97544084c7c","status":"CONFIRMED","gasUsed":"0x1cfa2"}
{"t":"2026-10-07T05:31:15.389Z","kind":"tx-request","requestId":"f2b61c3d-883b-487f-8de5-07597f465999","chainId":10143,"to":"0xa9012a055bd4e0edff8ce09f960291c09d5322dc","intent":"AUSD for the Kuru MarginAccount: approve exact amount","signed":true,"auth":"Bearer <redacted>"}
{"t":"2026-10-07T05:31:15.390Z","kind":"tx-broadcast","requestId":"f2b61c3d-883b-487f-8de5-07597f465999","hash":"0xe6b6e264ee3adc961a9d3c2ecd16b58196e419e556fc75d05ed81bc67e900721","txKeys":["from","to","chainId","data","value","nonce","gasLimit","maxFeePerGas","maxPriorityFeePerGas"],"ms":1}
{"t":"2026-10-07T05:31:15.403Z","kind":"tx-status","requestId":"f2b61c3d-883b-487f-8de5-07597f465999","status":"CONFIRMED","gasUsed":"0x11251"}
{"t":"2026-10-07T05:31:15.442Z","kind":"tx-request","requestId":"de4ba311-de87-45c3-8b0e-8fab71056b3b","chainId":10143,"to":"0xd029c2d98ff85d8f64799017fe00a59b1159ce02","intent":"Kuru MarginAccount deposit 3.000000 AUSD","signed":true,"auth":"Bearer <redacted>"}
{"t":"2026-10-07T05:31:15.443Z","kind":"tx-broadcast","requestId":"de4ba311-de87-45c3-8b0e-8fab71056b3b","hash":"0x537d39a90ea9a15b7556c7b0f0bb46f3bba7178f5583b5981b02837b40bc9dd7","txKeys":["from","to","chainId","data","value","nonce","gasLimit","maxFeePerGas","maxPriorityFeePerGas"],"ms":0}
{"t":"2026-10-07T05:31:15.451Z","kind":"tx-status","requestId":"de4ba311-de87-45c3-8b0e-8fab71056b3b","status":"CONFIRMED","gasUsed":"0x20cd4"}
{"t":"2026-10-07T05:31:17.610Z","kind":"tx-request","requestId":"76d5f2ce-671d-497a-8c07-71b48a3d639c","chainId":10143,"to":"0x47cb4f32eb554e4a873da20ca86261bc3d9cd42a","intent":"Kuru buy 10.000000 YES @ 0.3000 AUSD (post-only)","signed":true,"auth":"Bearer <redacted>"}
{"t":"2026-10-07T05:31:17.611Z","kind":"tx-broadcast","requestId":"76d5f2ce-671d-497a-8c07-71b48a3d639c","hash":"0xad9b1ddcfaa71a43d19a979eb29cf36931ae8fabf13e113d4ea6fc7c4f367f7a","txKeys":["from","to","chainId","data","value","nonce","gasLimit","maxFeePerGas","maxPriorityFeePerGas"],"ms":0}
{"t":"2026-10-07T05:31:17.623Z","kind":"tx-status","requestId":"76d5f2ce-671d-497a-8c07-71b48a3d639c","status":"CONFIRMED","gasUsed":"0x4d65d"}
{"t":"2026-10-07T05:31:18.334Z","kind":"tx-request","requestId":"dbde89ea-690e-4d81-ae56-f5cc4df95391","chainId":10143,"to":"0x47cb4f32eb554e4a873da20ca86261bc3d9cd42a","intent":"Kuru cancel 1 order(s) on 0x47cb4f32…","signed":true,"auth":"Bearer <redacted>"}
{"t":"2026-10-07T05:31:18.334Z","kind":"tx-broadcast","requestId":"dbde89ea-690e-4d81-ae56-f5cc4df95391","hash":"0xfc4b1f64d08960fe7f9eaaeb80292f9972cb2dcfcb4c65b86b6c2478fe414ad4","txKeys":["from","to","chainId","data","value","nonce","gasLimit","maxFeePerGas","maxPriorityFeePerGas"],"ms":0}
{"t":"2026-10-07T05:31:18.348Z","kind":"tx-status","requestId":"dbde89ea-690e-4d81-ae56-f5cc4df95391","status":"CONFIRMED","gasUsed":"0x2e722"}
{"t":"2026-10-07T05:31:18.403Z","kind":"tx-request","requestId":"06ce004c-e2d9-4d12-bece-67faa386ebde","chainId":10143,"to":"0xd029c2d98ff85d8f64799017fe00a59b1159ce02","intent":"Kuru MarginAccount withdraw all (base + quote)","signed":true,"auth":"Bearer <redacted>"}
{"t":"2026-10-07T05:31:18.403Z","kind":"tx-broadcast","requestId":"06ce004c-e2d9-4d12-bece-67faa386ebde","hash":"0xaacc45cb656b0e1813a9493156528510e607d6c9b8d979b546ea5029831d7c92","txKeys":["from","to","chainId","data","value","nonce","gasLimit","maxFeePerGas","maxPriorityFeePerGas"],"ms":0}
{"t":"2026-10-07T05:31:18.412Z","kind":"tx-status","requestId":"06ce004c-e2d9-4d12-bece-67faa386ebde","status":"CONFIRMED","gasUsed":"0x1cfa2"}
{"t":"2026-10-07T05:31:20.182Z","kind":"listening","port":19288,"anvil":"http://127.0.0.1:19251","allowlist":["0x000000000000000000000000000000000000dead"]}
{"t":"2026-10-07T05:31:21.870Z","kind":"tx-request","requestId":"0d379751-d3d3-48c4-9b68-3768a33ade2c","chainId":10143,"to":"0x1b1d91ebd1590c7814aedcae66ac6ded492c792e","intent":"Isotherm buyYes Tmax>=30C Taipei 2026-10-08","signed":true,"auth":"Bearer <redacted>"}
{"t":"2026-10-07T05:31:21.870Z","kind":"tx-denied","requestId":"0d379751-d3d3-48c4-9b68-3768a33ade2c","to":"0x1b1d91ebd1590c7814aedcae66ac6ded492c792e"}
{"t":"2026-10-07T05:31:22.978Z","kind":"listening","port":19288,"anvil":"http://127.0.0.1:19251","allowlist":[]}
{"t":"2026-10-07T05:31:24.612Z","kind":"mimir-supported-networks"}
{"t":"2026-10-07T05:31:24.614Z","kind":"unhandled","method":"GET","path":"/proxy/prd/tx-sentinel-ethereum-mainnet/networks","bodyKeys":"undefined"}
{"t":"2026-10-07T05:31:24.614Z","kind":"unhandled","method":"GET","path":"/v2/supportedNetworks","bodyKeys":"undefined"}
{"t":"2026-10-07T05:31:24.672Z","kind":"gateway-real-mirror","chainId":10143}
{"t":"2026-10-07T05:31:24.673Z","kind":"gateway-real-mirror","chainId":10143}
{"t":"2026-10-07T05:31:24.677Z","kind":"gateway-real-mirror","chainId":10143}
{"t":"2026-10-07T05:31:35.905Z","kind":"tx-request","requestId":"c0df9faa-e63e-4015-823f-9a2f365a32bb","chainId":10143,"to":"0xc83fe722eb5bd29a0355c090f14ccb0605153713","intent":"Isotherm redeem Tmax>=27C Taipei 2026-10-07","signed":true,"auth":"Bearer <redacted>"}
{"t":"2026-10-07T05:31:35.911Z","kind":"tx-broadcast","requestId":"c0df9faa-e63e-4015-823f-9a2f365a32bb","hash":"0x23cc85480a3ee283505d78aaf1f77f9ab510654e7071b819fe96a267da68f33a","txKeys":["from","to","chainId","data","value","nonce","gasLimit","maxFeePerGas","maxPriorityFeePerGas"],"ms":6}
{"t":"2026-10-07T05:31:35.925Z","kind":"tx-status","requestId":"c0df9faa-e63e-4015-823f-9a2f365a32bb","status":"CONFIRMED","gasUsed":"0x23c97"}
{"t":"2026-10-07T05:31:35.965Z","kind":"tx-request","requestId":"80e8befc-e4a1-4deb-99fe-65fbb014edaf","chainId":10143,"to":"0xc83fe722eb5bd29a0355c090f14ccb0605153713","intent":"Isotherm redeem Tmax>=30C Taipei 2026-10-07","signed":true,"auth":"Bearer <redacted>"}
{"t":"2026-10-07T05:31:35.966Z","kind":"tx-broadcast","requestId":"80e8befc-e4a1-4deb-99fe-65fbb014edaf","hash":"0x42defd5d1b4d06dd01e98c49970e350efd177bbc83a9cba837ded9737e686ac4","txKeys":["from","to","chainId","data","value","nonce","gasLimit","maxFeePerGas","maxPriorityFeePerGas"],"ms":0}
{"t":"2026-10-07T05:31:35.975Z","kind":"tx-status","requestId":"80e8befc-e4a1-4deb-99fe-65fbb014edaf","status":"CONFIRMED","gasUsed":"0x23ca9"}
