{"t":"2026-10-07T05:34:41.919Z","kind":"listening","port":19288,"anvil":"http://127.0.0.1:19251","allowlist":[]}
{"t":"2026-10-07T05:35:08.674Z","kind":"byok-challenge","address":"0x9F6AF0b5E8091B867500D9E2a3240Bd92259a543","auth":"Bearer <redacted>"}
{"t":"2026-10-07T05:35:08.679Z","kind":"byok-register","address":"0x9F6AF0b5E8091B867500D9E2a3240Bd92259a543","hasSignature":true,"auth":"Bearer <redacted>"}
{"t":"2026-10-07T05:35:08.681Z","kind":"trading-mode","method":"GET","wallet":"0x9F6AF0b5E8091B867500D9E2a3240Bd92259a543"}
{"t":"2026-10-07T05:36:16.624Z","kind":"gateway-real-mirror","chainId":10143}
{"t":"2026-10-07T05:36:27.368Z","kind":"tx-request","requestId":"617c148d-2659-4ffe-8373-19481cb4f470","chainId":10143,"to":"0xa9012a055bd4e0edff8ce09f960291c09d5322dc","intent":"AUSD for the Isotherm Zap: approve exact amount","signed":true,"auth":"Bearer <redacted>"}
{"t":"2026-10-07T05:36:27.374Z","kind":"tx-broadcast","requestId":"617c148d-2659-4ffe-8373-19481cb4f470","hash":"0x6cc383d2f67bcdc3f2f9c4ebcaf32d5c6fb8d0108a469ff861ae4b22bfa89370","txKeys":["from","to","chainId","data","value","nonce","gasLimit","maxFeePerGas","maxPriorityFeePerGas"],"ms":6}
{"t":"2026-10-07T05:36:27.388Z","kind":"tx-status","requestId":"617c148d-2659-4ffe-8373-19481cb4f470","status":"CONFIRMED","gasUsed":"0x1125d"}
{"t":"2026-10-07T05:36:27.771Z","kind":"tx-request","requestId":"3de5c90a-b775-4d2d-bdf5-cfbe7e44772e","chainId":10143,"to":"0x1acaf47987fe570df5d136ae1cac0d45e2b8cfb0","intent":"Isotherm buyYes Tmax>=30C Taipei 2026-10-08","signed":true,"auth":"Bearer <redacted>"}
{"t":"2026-10-07T05:36:27.772Z","kind":"tx-broadcast","requestId":"3de5c90a-b775-4d2d-bdf5-cfbe7e44772e","hash":"0x5fc7627b3340fb67268be64548290ab37f23691800384b5b82332ad9811ba1e0","txKeys":["from","to","chainId","data","value","nonce","gasLimit","maxFeePerGas","maxPriorityFeePerGas"],"ms":1}
{"t":"2026-10-07T05:36:27.781Z","kind":"tx-status","requestId":"3de5c90a-b775-4d2d-bdf5-cfbe7e44772e","status":"CONFIRMED","gasUsed":"0x71c53"}
{"t":"2026-10-07T05:36:28.558Z","kind":"tx-request","requestId":"303983f8-aa68-474e-8b0f-891e25a435de","chainId":10143,"to":"0xa9012a055bd4e0edff8ce09f960291c09d5322dc","intent":"AUSD for the Isotherm Zap: approve exact amount","signed":true,"auth":"Bearer <redacted>"}
{"t":"2026-10-07T05:36:28.559Z","kind":"tx-broadcast","requestId":"303983f8-aa68-474e-8b0f-891e25a435de","hash":"0x671f4ecc6655cbbeb1850eb6dac7b687aee0da76ef4a5a8fe6250aca6311bdf7","txKeys":["from","to","chainId","data","value","nonce","gasLimit","maxFeePerGas","maxPriorityFeePerGas"],"ms":1}
{"t":"2026-10-07T05:36:28.573Z","kind":"tx-status","requestId":"303983f8-aa68-474e-8b0f-891e25a435de","status":"CONFIRMED","gasUsed":"0x1125d"}
{"t":"2026-10-07T05:36:28.805Z","kind":"tx-request","requestId":"38202995-9e49-4f69-9db1-2300b11eb436","chainId":10143,"to":"0x1acaf47987fe570df5d136ae1cac0d45e2b8cfb0","intent":"Isotherm buyNo Tmax>=29C Taipei 2026-10-08","signed":true,"auth":"Bearer <redacted>"}
{"t":"2026-10-07T05:36:28.806Z","kind":"tx-broadcast","requestId":"38202995-9e49-4f69-9db1-2300b11eb436","hash":"0xa346aefae5689e018f50e72935c6b510529d1f9577f9ec8daad5010d5bc463a7","txKeys":["from","to","chainId","data","value","nonce","gasLimit","maxFeePerGas","maxPriorityFeePerGas"],"ms":1}
{"t":"2026-10-07T05:36:28.814Z","kind":"tx-status","requestId":"38202995-9e49-4f69-9db1-2300b11eb436","status":"CONFIRMED","gasUsed":"0x9a039"}
{"t":"2026-10-07T05:36:32.807Z","kind":"tx-request","requestId":"7bedca87-effe-4201-ab0c-d4e9757faf14","chainId":10143,"to":"0xa9012a055bd4e0edff8ce09f960291c09d5322dc","intent":"AUSD for the Isotherm Zap: approve unlimited","signed":true,"auth":"Bearer <redacted>"}
{"t":"2026-10-07T05:36:32.809Z","kind":"tx-broadcast","requestId":"7bedca87-effe-4201-ab0c-d4e9757faf14","hash":"0xa34098340ec3290c443725780833ccad168b2cda8647137b84c69b932e4be064","txKeys":["from","to","chainId","data","value","nonce","gasLimit","maxFeePerGas","maxPriorityFeePerGas"],"ms":2}
{"t":"2026-10-07T05:36:32.822Z","kind":"tx-status","requestId":"7bedca87-effe-4201-ab0c-d4e9757faf14","status":"CONFIRMED","gasUsed":"0x113b9"}
{"t":"2026-10-07T05:36:33.067Z","kind":"tx-request","requestId":"3f13e6df-0d5b-4bb6-b271-1af554ac9a66","chainId":10143,"to":"0x1acaf47987fe570df5d136ae1cac0d45e2b8cfb0","intent":"Isotherm buyYes Tmax>=29C Taipei 2026-10-07","signed":true,"auth":"Bearer <redacted>"}
{"t":"2026-10-07T05:36:33.067Z","kind":"tx-broadcast","requestId":"3f13e6df-0d5b-4bb6-b271-1af554ac9a66","hash":"0x9fdfa4e724dae15b9f7ea43fa651f69001142482f1341b47d0e064d19ef19fa3","txKeys":["from","to","chainId","data","value","nonce","gasLimit","maxFeePerGas","maxPriorityFeePerGas"],"ms":0}
{"t":"2026-10-07T05:36:33.079Z","kind":"tx-status","requestId":"3f13e6df-0d5b-4bb6-b271-1af554ac9a66","status":"CONFIRMED","gasUsed":"0x710c1"}
{"t":"2026-10-07T05:36:34.933Z","kind":"tx-request","requestId":"518c144a-e87c-4fe7-be81-6355c3678ca9","chainId":10143,"to":"0x1acaf47987fe570df5d136ae1cac0d45e2b8cfb0","intent":"Isotherm buyNo Tmax>=30C Taipei 2026-10-07","signed":true,"auth":"Bearer <redacted>"}
{"t":"2026-10-07T05:36:34.934Z","kind":"tx-broadcast","requestId":"518c144a-e87c-4fe7-be81-6355c3678ca9","hash":"0x6b57d04c969478cd7d8d660bc64fe37769e197ffc096ed0b9db1a2ed806514e5","txKeys":["from","to","chainId","data","value","nonce","gasLimit","maxFeePerGas","maxPriorityFeePerGas"],"ms":0}
{"t":"2026-10-07T05:36:34.948Z","kind":"tx-status","requestId":"518c144a-e87c-4fe7-be81-6355c3678ca9","status":"CONFIRMED","gasUsed":"0x99237"}
{"t":"2026-10-07T05:36:37.096Z","kind":"tx-request","requestId":"ff4e4a9f-36ad-409c-a83a-8e498de781dd","chainId":10143,"to":"0x1acaf47987fe570df5d136ae1cac0d45e2b8cfb0","intent":"Isotherm buyYes Tmax>=27C Taipei 2026-10-07","signed":true,"auth":"Bearer <redacted>"}
{"t":"2026-10-07T05:36:37.097Z","kind":"tx-broadcast","requestId":"ff4e4a9f-36ad-409c-a83a-8e498de781dd","hash":"0x2483d83d32c43a8f77721ba2941bdb368503581ab8802acb9fa163171e54b478","txKeys":["from","to","chainId","data","value","nonce","gasLimit","maxFeePerGas","maxPriorityFeePerGas"],"ms":1}
{"t":"2026-10-07T05:36:37.110Z","kind":"tx-status","requestId":"ff4e4a9f-36ad-409c-a83a-8e498de781dd","status":"CONFIRMED","gasUsed":"0x7105d"}
{"t":"2026-10-07T05:36:37.865Z","kind":"tx-request","requestId":"7310c2f1-e304-4d36-8cb2-d00b02fb69ef","chainId":10143,"to":"0xe1f9a759a24e41bd8a1c7755b8b054f1e7e6d284","intent":"YES Tmax>=30C for the Isotherm Zap: approve exact amount","signed":true,"auth":"Bearer <redacted>"}
{"t":"2026-10-07T05:36:37.866Z","kind":"tx-broadcast","requestId":"7310c2f1-e304-4d36-8cb2-d00b02fb69ef","hash":"0x10836f6e7f5c627e40dfcddcb5a900f928a49303bd0768919a6c9b7cfffff2af","txKeys":["from","to","chainId","data","value","nonce","gasLimit","maxFeePerGas","maxPriorityFeePerGas"],"ms":0}
{"t":"2026-10-07T05:36:37.879Z","kind":"tx-status","requestId":"7310c2f1-e304-4d36-8cb2-d00b02fb69ef","status":"CONFIRMED","gasUsed":"0xf334"}
{"t":"2026-10-07T05:36:37.934Z","kind":"tx-request","requestId":"cbf8dafe-cd13-4b11-9359-6689fe6bc8d4","chainId":10143,"to":"0x1acaf47987fe570df5d136ae1cac0d45e2b8cfb0","intent":"Isotherm sellYes Tmax>=30C Taipei 2026-10-08","signed":true,"auth":"Bearer <redacted>"}
{"t":"2026-10-07T05:36:37.934Z","kind":"tx-broadcast","requestId":"cbf8dafe-cd13-4b11-9359-6689fe6bc8d4","hash":"0x964f47abe8cfc0944fe078314b3ff2d6a56c98929d6eba67d095acc1c3ad1b69","txKeys":["from","to","chainId","data","value","nonce","gasLimit","maxFeePerGas","maxPriorityFeePerGas"],"ms":0}
{"t":"2026-10-07T05:36:37.942Z","kind":"tx-status","requestId":"cbf8dafe-cd13-4b11-9359-6689fe6bc8d4","status":"CONFIRMED","gasUsed":"0x74140"}
{"t":"2026-10-07T05:36:38.869Z","kind":"tx-request","requestId":"ee0c0e3d-cc89-46f8-bdd1-b573bee428ad","chainId":10143,"to":"0x1acaf47987fe570df5d136ae1cac0d45e2b8cfb0","intent":"Isotherm buyYes (to close NO) Tmax>=29C Taipei 2026-10-08","signed":true,"auth":"Bearer <redacted>"}
{"t":"2026-10-07T05:36:38.869Z","kind":"tx-broadcast","requestId":"ee0c0e3d-cc89-46f8-bdd1-b573bee428ad","hash":"0x26375a63fcb879ffe5efc67339941cc245f6a3ae5400a708d6353b56fb3445d1","txKeys":["from","to","chainId","data","value","nonce","gasLimit","maxFeePerGas","maxPriorityFeePerGas"],"ms":0}
{"t":"2026-10-07T05:36:38.882Z","kind":"tx-status","requestId":"ee0c0e3d-cc89-46f8-bdd1-b573bee428ad","status":"CONFIRMED","gasUsed":"0x7102d"}
{"t":"2026-10-07T05:36:38.928Z","kind":"tx-request","requestId":"9f345b9d-1faa-4b0f-9340-7fb134d2447a","chainId":10143,"to":"0xae36cf0a163bafcde4d40a6ab7b5e3c762ad7b39","intent":"Isotherm merge 4.000000 YES+NO -> AUSD","signed":true,"auth":"Bearer <redacted>"}
{"t":"2026-10-07T05:36:38.928Z","kind":"tx-broadcast","requestId":"9f345b9d-1faa-4b0f-9340-7fb134d2447a","hash":"0x5d7ccc474135058cbbee665934c4dced3e7506fc5e27e5f0f6676ca8c5d267bf","txKeys":["from","to","chainId","data","value","nonce","gasLimit","maxFeePerGas","maxPriorityFeePerGas"],"ms":0}
{"t":"2026-10-07T05:36:38.936Z","kind":"tx-status","requestId":"9f345b9d-1faa-4b0f-9340-7fb134d2447a","status":"CONFIRMED","gasUsed":"0x270ec"}
{"t":"2026-10-07T05:36:39.870Z","kind":"tx-request","requestId":"4d9b0b1a-de57-4ff2-9303-855e6786786f","chainId":10143,"to":"0x1acaf47987fe570df5d136ae1cac0d45e2b8cfb0","intent":"Isotherm buyYes Tmax>=31C Taipei 2026-10-08","signed":true,"auth":"Bearer <redacted>"}
{"t":"2026-10-07T05:36:39.870Z","kind":"tx-broadcast","requestId":"4d9b0b1a-de57-4ff2-9303-855e6786786f","hash":"0x0f9c3aa12cb3cddcac5bfdae64689a4bb662385df5164d02e1c66c12f8a07f8a","txKeys":["from","to","chainId","data","value","nonce","gasLimit","maxFeePerGas","maxPriorityFeePerGas"],"ms":0}
{"t":"2026-10-07T05:36:39.883Z","kind":"tx-status","requestId":"4d9b0b1a-de57-4ff2-9303-855e6786786f","status":"CONFIRMED","gasUsed":"0x7100f"}
{"t":"2026-10-07T05:36:40.654Z","kind":"tx-request","requestId":"995bdeb5-6962-48bd-9130-94fdf0eb49cc","chainId":10143,"to":"0x1acaf47987fe570df5d136ae1cac0d45e2b8cfb0","intent":"Isotherm buyNo Tmax>=31C Taipei 2026-10-08","signed":true,"auth":"Bearer <redacted>"}
{"t":"2026-10-07T05:36:40.654Z","kind":"tx-broadcast","requestId":"995bdeb5-6962-48bd-9130-94fdf0eb49cc","hash":"0x8afed03f0b11660f77801af32890cc8f3ec5160d7addc870fd453d6ac23350be","txKeys":["from","to","chainId","data","value","nonce","gasLimit","maxFeePerGas","maxPriorityFeePerGas"],"ms":0}
{"t":"2026-10-07T05:36:40.667Z","kind":"tx-status","requestId":"995bdeb5-6962-48bd-9130-94fdf0eb49cc","status":"CONFIRMED","gasUsed":"0x99303"}
{"t":"2026-10-07T05:36:42.261Z","kind":"tx-request","requestId":"3f5ee59a-a2c6-4657-95e3-ec3ef1318777","chainId":10143,"to":"0xae36cf0a163bafcde4d40a6ab7b5e3c762ad7b39","intent":"Isotherm merge 3.000000 YES+NO Tmax>=31C Taipei 2026-10-08","signed":true,"auth":"Bearer <redacted>"}
{"t":"2026-10-07T05:36:42.262Z","kind":"tx-broadcast","requestId":"3f5ee59a-a2c6-4657-95e3-ec3ef1318777","hash":"0xe1fad443b3edfb59ba9021f03630a96596cd38e08fa6743d273fe70feda4326a","txKeys":["from","to","chainId","data","value","nonce","gasLimit","maxFeePerGas","maxPriorityFeePerGas"],"ms":1}
{"t":"2026-10-07T05:36:42.275Z","kind":"tx-status","requestId":"3f5ee59a-a2c6-4657-95e3-ec3ef1318777","status":"CONFIRMED","gasUsed":"0x270f8"}
{"t":"2026-10-07T05:36:43.870Z","kind":"tx-request","requestId":"9b0f830e-e2ac-44ae-a7d5-8e91cab886a9","chainId":10143,"to":"0xa9012a055bd4e0edff8ce09f960291c09d5322dc","intent":"AUSD for the Kuru MarginAccount: approve exact amount","signed":true,"auth":"Bearer <redacted>"}
{"t":"2026-10-07T05:36:43.870Z","kind":"tx-broadcast","requestId":"9b0f830e-e2ac-44ae-a7d5-8e91cab886a9","hash":"0x9e86b84e0a233567001a2e2ab0639c67e2925daf51dc138f63e78eaef1052f2c","txKeys":["from","to","chainId","data","value","nonce","gasLimit","maxFeePerGas","maxPriorityFeePerGas"],"ms":0}
{"t":"2026-10-07T05:36:43.884Z","kind":"tx-status","requestId":"9b0f830e-e2ac-44ae-a7d5-8e91cab886a9","status":"CONFIRMED","gasUsed":"0x11251"}
{"t":"2026-10-07T05:36:43.924Z","kind":"tx-request","requestId":"387eca13-8b19-4fc9-8382-8310ff21cc5c","chainId":10143,"to":"0xd029c2d98ff85d8f64799017fe00a59b1159ce02","intent":"Kuru MarginAccount deposit 2.100000 AUSD","signed":true,"auth":"Bearer <redacted>"}
{"t":"2026-10-07T05:36:43.925Z","kind":"tx-broadcast","requestId":"387eca13-8b19-4fc9-8382-8310ff21cc5c","hash":"0x4cb7fad72d0b61fb94a049ff6db9c5919a5bb47d01846c45ed3e80c197adcfdc","txKeys":["from","to","chainId","data","value","nonce","gasLimit","maxFeePerGas","maxPriorityFeePerGas"],"ms":1}
{"t":"2026-10-07T05:36:43.933Z","kind":"tx-status","requestId":"387eca13-8b19-4fc9-8382-8310ff21cc5c","status":"CONFIRMED","gasUsed":"0x20cd4"}
{"t":"2026-10-07T05:36:43.972Z","kind":"tx-request","requestId":"a118e0cd-9220-4b5c-bcf7-efd57480f730","chainId":10143,"to":"0x4f5ef4bf256bdd88492c1e394b0d0f06a8265813","intent":"Kuru buy 30.000000 RCSS-20261008-GE31-Y @ 0.0700 AUSD (post-only)","signed":true,"auth":"Bearer <redacted>"}
{"t":"2026-10-07T05:36:43.973Z","kind":"tx-broadcast","requestId":"a118e0cd-9220-4b5c-bcf7-efd57480f730","hash":"0xa261b78f39a1b8517011b81d496fc4eeae66dad16067ba11457ebedf5280bf2c","txKeys":["from","to","chainId","data","value","nonce","gasLimit","maxFeePerGas","maxPriorityFeePerGas"],"ms":0}
{"t":"2026-10-07T05:36:43.981Z","kind":"tx-status","requestId":"a118e0cd-9220-4b5c-bcf7-efd57480f730","status":"CONFIRMED","gasUsed":"0x37663"}
{"t":"2026-10-07T05:36:45.828Z","kind":"tx-request","requestId":"e64e1afa-4b5e-440b-9b02-3be92dd9be1d","chainId":10143,"to":"0x4f5ef4bf256bdd88492c1e394b0d0f06a8265813","intent":"Kuru cancel 1 order(s) on 0x4f5Ef4Bf…","signed":true,"auth":"Bearer <redacted>"}
{"t":"2026-10-07T05:36:45.829Z","kind":"tx-broadcast","requestId":"e64e1afa-4b5e-440b-9b02-3be92dd9be1d","hash":"0xbb76a488a617790e3a90ace514e9aabd65e8337a029c82fd7c0e70a8b3293a7b","txKeys":["from","to","chainId","data","value","nonce","gasLimit","maxFeePerGas","maxPriorityFeePerGas"],"ms":0}
{"t":"2026-10-07T05:36:45.842Z","kind":"tx-status","requestId":"e64e1afa-4b5e-440b-9b02-3be92dd9be1d","status":"CONFIRMED","gasUsed":"0x283cf"}
{"t":"2026-10-07T05:36:45.895Z","kind":"tx-request","requestId":"e72b68d3-95f3-4bb0-9e95-84492c022658","chainId":10143,"to":"0xd029c2d98ff85d8f64799017fe00a59b1159ce02","intent":"Kuru MarginAccount withdraw all (base + quote)","signed":true,"auth":"Bearer <redacted>"}
{"t":"2026-10-07T05:36:45.896Z","kind":"tx-broadcast","requestId":"e72b68d3-95f3-4bb0-9e95-84492c022658","hash":"0xb49e0a4ebe0bcda3ee2e93de55b80ba57f9c0d2162960bb4fd11a89c1b9482a3","txKeys":["from","to","chainId","data","value","nonce","gasLimit","maxFeePerGas","maxPriorityFeePerGas"],"ms":1}
{"t":"2026-10-07T05:36:45.904Z","kind":"tx-status","requestId":"e72b68d3-95f3-4bb0-9e95-84492c022658","status":"CONFIRMED","gasUsed":"0x1cfa2"}
{"t":"2026-10-07T05:36:52.367Z","kind":"tx-request","requestId":"14d5bf01-1452-449b-bb27-8cbd5ab8ece6","chainId":10143,"to":"0xa9012a055bd4e0edff8ce09f960291c09d5322dc","intent":"AUSD for the Kuru MarginAccount: approve exact amount","signed":true,"auth":"Bearer <redacted>"}
{"t":"2026-10-07T05:36:52.368Z","kind":"tx-broadcast","requestId":"14d5bf01-1452-449b-bb27-8cbd5ab8ece6","hash":"0x6069b9b087c72f8a6a063dee7cbfa77f0ae166a0b34c48948b6fa86f674a5469","txKeys":["from","to","chainId","data","value","nonce","gasLimit","maxFeePerGas","maxPriorityFeePerGas"],"ms":1}
{"t":"2026-10-07T05:36:52.381Z","kind":"tx-status","requestId":"14d5bf01-1452-449b-bb27-8cbd5ab8ece6","status":"CONFIRMED","gasUsed":"0x11251"}
{"t":"2026-10-07T05:36:52.422Z","kind":"tx-request","requestId":"161c60b8-cd85-481a-8791-719422c60b95","chainId":10143,"to":"0xd029c2d98ff85d8f64799017fe00a59b1159ce02","intent":"Kuru MarginAccount deposit 3.000000 AUSD","signed":true,"auth":"Bearer <redacted>"}
{"t":"2026-10-07T05:36:52.423Z","kind":"tx-broadcast","requestId":"161c60b8-cd85-481a-8791-719422c60b95","hash":"0xbf5ad9023ec70efe7a36cbd9e9ae2ce50792fcef2e34b8b312fc60042889bf4a","txKeys":["from","to","chainId","data","value","nonce","gasLimit","maxFeePerGas","maxPriorityFeePerGas"],"ms":1}
{"t":"2026-10-07T05:36:52.430Z","kind":"tx-status","requestId":"161c60b8-cd85-481a-8791-719422c60b95","status":"CONFIRMED","gasUsed":"0x20cd4"}
{"t":"2026-10-07T05:36:54.611Z","kind":"tx-request","requestId":"4915ebc9-1fce-4da2-8293-08e12044cd01","chainId":10143,"to":"0x47cb4f32eb554e4a873da20ca86261bc3d9cd42a","intent":"Kuru buy 10.000000 YES @ 0.3000 AUSD (post-only)","signed":true,"auth":"Bearer <redacted>"}
{"t":"2026-10-07T05:36:54.612Z","kind":"tx-broadcast","requestId":"4915ebc9-1fce-4da2-8293-08e12044cd01","hash":"0xa9d530a41d2e49b6de35fb4cc232b13ef647ec873095652080d3c0cdb900f87e","txKeys":["from","to","chainId","data","value","nonce","gasLimit","maxFeePerGas","maxPriorityFeePerGas"],"ms":1}
{"t":"2026-10-07T05:36:54.624Z","kind":"tx-status","requestId":"4915ebc9-1fce-4da2-8293-08e12044cd01","status":"CONFIRMED","gasUsed":"0x4d65d"}
{"t":"2026-10-07T05:36:55.323Z","kind":"tx-request","requestId":"0c5d6bae-25c4-4f26-b165-6facb30cdf1e","chainId":10143,"to":"0x47cb4f32eb554e4a873da20ca86261bc3d9cd42a","intent":"Kuru cancel 1 order(s) on 0x47cb4f32…","signed":true,"auth":"Bearer <redacted>"}
{"t":"2026-10-07T05:36:55.323Z","kind":"tx-broadcast","requestId":"0c5d6bae-25c4-4f26-b165-6facb30cdf1e","hash":"0x6b3a472727bb3e9281f2904663500143bd00daf022872613af0c71debd0aef55","txKeys":["from","to","chainId","data","value","nonce","gasLimit","maxFeePerGas","maxPriorityFeePerGas"],"ms":0}
{"t":"2026-10-07T05:36:55.337Z","kind":"tx-status","requestId":"0c5d6bae-25c4-4f26-b165-6facb30cdf1e","status":"CONFIRMED","gasUsed":"0x2e722"}
{"t":"2026-10-07T05:36:55.391Z","kind":"tx-request","requestId":"50ed7fa7-a93e-46a1-8da2-8c2c5cd3a1f9","chainId":10143,"to":"0xd029c2d98ff85d8f64799017fe00a59b1159ce02","intent":"Kuru MarginAccount withdraw all (base + quote)","signed":true,"auth":"Bearer <redacted>"}
{"t":"2026-10-07T05:36:55.392Z","kind":"tx-broadcast","requestId":"50ed7fa7-a93e-46a1-8da2-8c2c5cd3a1f9","hash":"0x2fbde3b2dfc040c3b3ca7efd3920f6a843d80bdc0cd84e4dec8ec3ac0322165a","txKeys":["from","to","chainId","data","value","nonce","gasLimit","maxFeePerGas","maxPriorityFeePerGas"],"ms":1}
{"t":"2026-10-07T05:36:55.403Z","kind":"tx-status","requestId":"50ed7fa7-a93e-46a1-8da2-8c2c5cd3a1f9","status":"CONFIRMED","gasUsed":"0x1cfa2"}
{"t":"2026-10-07T05:36:57.150Z","kind":"listening","port":19288,"anvil":"http://127.0.0.1:19251","allowlist":["0x000000000000000000000000000000000000dead"]}
{"t":"2026-10-07T05:36:58.838Z","kind":"tx-request","requestId":"d78caa9c-33a7-4a38-aab7-1f75593fd5d4","chainId":10143,"to":"0x1acaf47987fe570df5d136ae1cac0d45e2b8cfb0","intent":"Isotherm buyYes Tmax>=30C Taipei 2026-10-08","signed":true,"auth":"Bearer <redacted>"}
{"t":"2026-10-07T05:36:58.839Z","kind":"tx-denied","requestId":"d78caa9c-33a7-4a38-aab7-1f75593fd5d4","to":"0x1acaf47987fe570df5d136ae1cac0d45e2b8cfb0"}
{"t":"2026-10-07T05:36:59.944Z","kind":"listening","port":19288,"anvil":"http://127.0.0.1:19251","allowlist":[]}
{"t":"2026-10-07T05:37:01.594Z","kind":"mimir-supported-networks"}
{"t":"2026-10-07T05:37:01.595Z","kind":"unhandled","method":"GET","path":"/proxy/prd/tx-sentinel-ethereum-mainnet/networks","bodyKeys":"undefined"}
{"t":"2026-10-07T05:37:01.596Z","kind":"unhandled","method":"GET","path":"/v2/supportedNetworks","bodyKeys":"undefined"}
{"t":"2026-10-07T05:37:01.655Z","kind":"gateway-real-mirror","chainId":10143}
{"t":"2026-10-07T05:37:01.656Z","kind":"gateway-real-mirror","chainId":10143}
{"t":"2026-10-07T05:37:01.659Z","kind":"gateway-real-mirror","chainId":10143}
{"t":"2026-10-07T05:37:13.031Z","kind":"tx-request","requestId":"d941e176-45ab-496c-b3a1-cbc78a9a7c2c","chainId":10143,"to":"0xae36cf0a163bafcde4d40a6ab7b5e3c762ad7b39","intent":"Isotherm redeem Tmax>=27C Taipei 2026-10-07","signed":true,"auth":"Bearer <redacted>"}
{"t":"2026-10-07T05:37:13.037Z","kind":"tx-broadcast","requestId":"d941e176-45ab-496c-b3a1-cbc78a9a7c2c","hash":"0x7b607b5620f848debcf6aa8c9afee01d67d1b0f4c179b756e5e559c7d5cbb665","txKeys":["from","to","chainId","data","value","nonce","gasLimit","maxFeePerGas","maxPriorityFeePerGas"],"ms":5}
{"t":"2026-10-07T05:37:13.051Z","kind":"tx-status","requestId":"d941e176-45ab-496c-b3a1-cbc78a9a7c2c","status":"CONFIRMED","gasUsed":"0x23e01"}
{"t":"2026-10-07T05:37:13.092Z","kind":"tx-request","requestId":"e79cc62b-2781-437d-82f7-bac88597dde4","chainId":10143,"to":"0xae36cf0a163bafcde4d40a6ab7b5e3c762ad7b39","intent":"Isotherm redeem Tmax>=30C Taipei 2026-10-07","signed":true,"auth":"Bearer <redacted>"}
{"t":"2026-10-07T05:37:13.093Z","kind":"tx-broadcast","requestId":"e79cc62b-2781-437d-82f7-bac88597dde4","hash":"0xda83b301876afc0eac5b76127ceb3dbf6489223b45fcbbe774b64cd26a5f7f2c","txKeys":["from","to","chainId","data","value","nonce","gasLimit","maxFeePerGas","maxPriorityFeePerGas"],"ms":1}
{"t":"2026-10-07T05:37:13.101Z","kind":"tx-status","requestId":"e79cc62b-2781-437d-82f7-bac88597dde4","status":"CONFIRMED","gasUsed":"0x23e13"}
