

                             _   _
                            (_) | |
      __ _   _ __   __   __  _  | |
     / _` | | '_ \  \ \ / / | | | |
    | (_| | | | | |  \ V /  | | | |
     \__,_| |_| |_|   \_/   |_| |_|

    1.8.5 (51a52c59cf 2026-10-05T17:07:33.315474000Z)
    https://github.com/foundry-rs/foundry

Available Accounts
==================

(0) 0xf39Fd6e51aad88F6F4ce6aB8827279cffFb92266 (10000.000000000000000000 ETH)
(1) 0x70997970C51812dc3A010C7d01b50e0d17dc79C8 (10000.000000000000000000 ETH)
(2) 0x3C44CdDdB6a900fa2b585dd299e03d12FA4293BC (10000.000000000000000000 ETH)
(3) 0x90F79bf6EB2c4f870365E785982E1f101E93b906 (10000.000000000000000000 ETH)
(4) 0x15d34AAf54267DB7D7c367839AAf71A00a2C6A65 (10000.000000000000000000 ETH)
(5) 0x9965507D1a55bcC2695C58ba16FB37d819B0A4dc (10000.000000000000000000 ETH)
(6) 0x976EA74026E726554dB657fA54763abd0C3a0aa9 (10000.000000000000000000 ETH)
(7) 0x14dC79964da2C08b23698B3D3cc7Ca32193d9955 (10000.000000000000000000 ETH)
(8) 0x23618e81E3f5cdF7f54C3d65f7FBc0aBf5B21E8f (10000.000000000000000000 ETH)
(9) 0xa0Ee7A142d267C1f36714E4a8F75612F20a79720 (10000.000000000000000000 ETH)

Private Keys
==================

(0) 0xac0974bec39a17e36ba4a6b4d238ff944bacb478cbed5efcae784d7bf4f2ff80
(1) 0x59c6995e998f97a5a0044966f0945389dc9e86dae88c7a8412f4603b6b78690d
(2) 0x5de4111afa1a4b94908f83103eb1f1706367c2e68ca870fc3fb9a804cdab365a
(3) 0x7c852118294e51e653712a81e05800f419141751be58f605c371e15141b007a6
(4) 0x47e179ec197488593b187f80a00eb0da91f1b9d0b13f8733639f19c30a34926a
(5) 0x8b3a350cf5c34c9194ca85829a2df0ec3153be0318b5e2d3348e872092edffba
(6) 0x92db14e403b83dfe3df233f83dfa3a0d7096f21ca9b0d6d6b8d88b2b4ec1564e
(7) 0x4bbbf85ce3377467afe5d46f804f221813b2bb87f24d81f60f1fcdbf7cbf4356
(8) 0xdbda1821b80551c9d65939329250298aa3472ba22feea921c0cf5d620ea67b97
(9) 0x2a871d0798f97d79848a013d4936a73bf4cc922c825d33c1cf7073dff6d409c6

Wallet
==================
Mnemonic:          test test test test test test test test test test test junk
Derivation path:   m/44'/60'/0'/0/


Fork
==================
Endpoint:       https://testnet-rpc.monad.xyz/
Block number:   69291053
Block hash:     0x9b2e83dd3a536a28ca8066feca1a5b39a95467ff2bb978e51b2259d309607fda
Chain ID:       10143

Base Fee
==================

100000000000

Gas Limit
==================

150000000

Genesis Timestamp
==================

1791473421

Genesis Number
==================

0

Listening on 127.0.0.1:19850
eth_chainId
eth_blockNumber
web3_clientVersion
eth_chainId
web3_clientVersion
eth_call
anvil_setBalance
anvil_setBalance
anvil_setBalance
eth_call
eth_getBlockByNumber
eth_getBlockByNumber
eth_call
eth_call
eth_call
eth_call
eth_call
eth_fillTransaction
eth_accounts
eth_gasPrice
eth_getBlockByNumber
eth_call
eth_call
eth_call
eth_call
eth_call
eth_fillTransaction
eth_accounts
eth_gasPrice
eth_getBalance
eth_getTransactionCount
eth_fillTransaction
eth_accounts
eth_sendRawTransaction
eth_getTransactionReceipt

    Transaction: 0xad2506d1a2340e4248fd3beeb80dc872d024c7a91a6d974ff2636c5e5008b8cb
    Gas used: 1064749

    Block Number: 69291054
    Block Hash: 0xd60bda093cd0877c122829944aa877ab73acc5cbc176a1d78ff28aafb680f4ad
    Block Time: "Thu, 8 Oct 2026 15:30:31 +0000"

eth_blockNumber
eth_getTransactionByHash
eth_getTransactionReceipt
eth_call
eth_call
eth_call
eth_call
eth_call
eth_call
eth_call
eth_call
eth_call
eth_call
eth_call
eth_call
eth_call
eth_call
eth_call
eth_call
eth_fillTransaction
eth_accounts
eth_getBalance
eth_getTransactionCount
eth_fillTransaction
eth_accounts
eth_sendRawTransaction
eth_getTransactionReceipt

    Transaction: 0x22881bc79dd63c3f6bf027573ebe8a438b533ee5dee7361e25ead5d82bfc267e
    Gas used: 277093

    Block Number: 69291055
    Block Hash: 0xc340bd792d8fa02b25d1cabfd20125f27b5c5c9437ce583a29b376022092421e
    Block Time: "Thu, 8 Oct 2026 15:30:37 +0000"

eth_blockNumber
eth_getTransactionByHash
eth_getTransactionReceipt
eth_call
eth_fillTransaction
eth_accounts
eth_getBalance
eth_getTransactionCount
eth_fillTransaction
eth_accounts
eth_sendRawTransaction
eth_getTransactionReceipt

    Transaction: 0x1d1e1dcb398911007cfea34f6684ae7d5e340635d84d5a9e0c8c0e7fc44ff70f
    Gas used: 277093

    Block Number: 69291056
    Block Hash: 0x683faeeabb945f4cf70ab5d1526da34b756acc9ecdd628588414c26b6e2d10e8
    Block Time: "Thu, 8 Oct 2026 15:30:37 +0000"

eth_blockNumber
eth_getTransactionByHash
eth_getTransactionReceipt
eth_call
eth_fillTransaction
eth_accounts
eth_getBalance
eth_getTransactionCount
eth_fillTransaction
eth_accounts
eth_sendRawTransaction
eth_getTransactionReceipt

    Transaction: 0x6140828514352fb6011afe5b6dd5ac236b58f0f42b58e0fb33914d836a7d3f2d
    Gas used: 277093

    Block Number: 69291057
    Block Hash: 0xa7a940c754c43ea3d87425b6c816c0b665cd64100fbc2f0fec0e2e2808cd7acf
    Block Time: "Thu, 8 Oct 2026 15:30:37 +0000"

eth_blockNumber
eth_getTransactionByHash
eth_getTransactionReceipt
eth_call
eth_fillTransaction
eth_accounts
eth_getBalance
eth_getTransactionCount
eth_fillTransaction
eth_accounts
eth_sendRawTransaction
eth_getTransactionReceipt

    Transaction: 0x0de2fd9d79f3c7d09962493a9e8618abec410795f2aa7b48d5c4892b61e51a19
    Gas used: 277093

    Block Number: 69291058
    Block Hash: 0x15913230e9ae106bf8cb51fb033e60e38912b657709d4ca9cb7e62331be043c6
    Block Time: "Thu, 8 Oct 2026 15:30:38 +0000"

eth_blockNumber
eth_getTransactionByHash
eth_getTransactionReceipt
eth_call
eth_call
eth_fillTransaction
eth_accounts
eth_getBalance
eth_getTransactionCount
eth_fillTransaction
eth_accounts
eth_sendRawTransaction
eth_getTransactionReceipt

    Transaction: 0x7348ff88d34443543d0257ee516a67820ed8de8c7dce413b7275ceab5b0ef205
    Gas used: 1310536

    Block Number: 69291059
    Block Hash: 0xecf490cced0f6f0b5e5cd7ba4a2b19ae66152d8e483f1a176dd93e7976a6e07d
    Block Time: "Thu, 8 Oct 2026 15:30:46 +0000"

eth_blockNumber
eth_getTransactionByHash
eth_getTransactionReceipt
eth_call
eth_call
eth_fillTransaction
eth_accounts
eth_getBalance
eth_getTransactionCount
eth_fillTransaction
eth_accounts
eth_sendRawTransaction
eth_getTransactionReceipt

    Transaction: 0x0a0b9cef0a34c368b1f0a3ec2409b972cbdce02c3e2319eebe601842ff97d37e
    Gas used: 1321336

    Block Number: 69291060
    Block Hash: 0x160c0abe711a0ff9bc37155d7a3d2a4f6d7d83a705d7183f64239b68decc7331
    Block Time: "Thu, 8 Oct 2026 15:30:50 +0000"

eth_blockNumber
eth_getTransactionByHash
eth_getTransactionReceipt
eth_call
eth_call
eth_fillTransaction
eth_accounts
eth_getBalance
eth_getTransactionCount
eth_fillTransaction
eth_accounts
eth_sendRawTransaction
eth_getTransactionReceipt

    Transaction: 0x6457466c919f329770ed25884c9f4ae46a85633f1004e2c92887d079ab9d5ceb
    Gas used: 1310536

    Block Number: 69291061
    Block Hash: 0x2bfbf749217c2363c9599e1566d6d8abc06874280164b40fc62aff8c0aedb12e
    Block Time: "Thu, 8 Oct 2026 15:30:56 +0000"

eth_blockNumber
eth_getTransactionByHash
eth_getTransactionReceipt
eth_call
eth_call
eth_fillTransaction
eth_accounts
eth_getBalance
eth_getTransactionCount
eth_fillTransaction
eth_accounts
eth_sendRawTransaction
eth_getTransactionReceipt

    Transaction: 0x89873ecbe39caf9d05fe5f1e1f225ed3f7bcf100eaf77e258c3a9ef91951ebed
    Gas used: 1310536

    Block Number: 69291062
    Block Hash: 0xea4cf16f7dc2973fabcc4f2a3326cd9b08ea2fda6e03f9257be512a43502040e
    Block Time: "Thu, 8 Oct 2026 15:31:01 +0000"

eth_blockNumber
eth_getTransactionByHash
eth_getTransactionReceipt
eth_call
eth_call
eth_fillTransaction
eth_accounts
eth_getBalance
eth_getTransactionCount
eth_fillTransaction
eth_accounts
eth_sendRawTransaction
eth_getTransactionReceipt

    Transaction: 0xb6df97a06cb7cdf0998f886bdc8a3530ac93fc137b330176093901ad7057f34d
    Gas used: 122039

    Block Number: 69291063
    Block Hash: 0xccf3bcd5988342faf16b6eeb8c80c49fb30e0cc456d10ad38a8de1f1e7e48aa9
    Block Time: "Thu, 8 Oct 2026 15:31:01 +0000"

eth_blockNumber
eth_getTransactionByHash
eth_getTransactionReceipt
eth_call
eth_call
eth_fillTransaction
eth_accounts
eth_getBalance
eth_getTransactionCount
eth_fillTransaction
eth_accounts
eth_sendRawTransaction
eth_getTransactionReceipt

    Transaction: 0x6d29995391126e0e52f439a55c02d41671bd3c2eb94753b193773a2a6eb124d1
    Gas used: 130039

    Block Number: 69291064
    Block Hash: 0x144a16b63a1088aeb8992a4f13f57f4431962da1f6913ad355a9ad54e52e7f7a
    Block Time: "Thu, 8 Oct 2026 15:31:01 +0000"

eth_blockNumber
eth_getTransactionByHash
eth_getTransactionReceipt
eth_call
eth_call
eth_fillTransaction
eth_accounts
eth_getBalance
eth_getTransactionCount
eth_fillTransaction
eth_accounts
eth_sendRawTransaction
eth_getTransactionReceipt

    Transaction: 0xd590a9fffef67c6db9daffca1a8254d4bd6347c6fab5b766387340fb3992ddf2
    Gas used: 122039

    Block Number: 69291065
    Block Hash: 0x2e1a128f7961bb555d903a52435c06ecf169fd6f04a754e090dc89591434f240
    Block Time: "Thu, 8 Oct 2026 15:31:02 +0000"

eth_blockNumber
eth_getTransactionByHash
eth_getTransactionReceipt
eth_call
eth_call
eth_fillTransaction
eth_accounts
eth_getBalance
eth_getTransactionCount
eth_fillTransaction
eth_accounts
eth_sendRawTransaction
eth_getTransactionReceipt

    Transaction: 0x98ffcfb05f5853df0e1302a4aee7a4bb2dc8a08adae9ccaa0bb88567bca08eba
    Gas used: 122039

    Block Number: 69291066
    Block Hash: 0xa4f7b2ed0061ea47c03f6da7159376667b0992bede63defa43a8c3bf6b0d63ef
    Block Time: "Thu, 8 Oct 2026 15:31:02 +0000"

eth_blockNumber
eth_getTransactionByHash
eth_getTransactionReceipt
eth_call
eth_call
eth_call
eth_fillTransaction
eth_accounts
eth_getBalance
eth_getTransactionCount
eth_fillTransaction
eth_accounts
eth_sendRawTransaction
eth_getTransactionReceipt

    Transaction: 0x08d67dc5ca503dc6edfc39faf5abec4b45f54a8ec6b45bc192b506cb8263fc73
    Gas used: 114256

    Block Number: 69291067
    Block Hash: 0x4016beb14a84100f5133156bd3d9b322595830b757d0850d5fa9ccbba53f2ec8
    Block Time: "Thu, 8 Oct 2026 15:31:03 +0000"

eth_blockNumber
eth_getTransactionByHash
eth_getTransactionReceipt
eth_getBlockByNumber
eth_call
eth_call
eth_call
eth_call
eth_fillTransaction
eth_accounts
eth_getBalance
eth_getTransactionCount
eth_fillTransaction
eth_accounts
eth_sendRawTransaction
eth_getTransactionReceipt

    Transaction: 0xb21ea871a5794d8f4658c790f67346c9566dbbf37897fdc0c63eb55ba4f23838
    Gas used: 62596

    Block Number: 69291068
    Block Hash: 0xe26f325a978e844ece9c47a9e8d640383cd90b56544e3e6aa24d44cff1940b82
    Block Time: "Thu, 8 Oct 2026 15:31:03 +0000"

eth_blockNumber
eth_getTransactionByHash
eth_getTransactionReceipt
eth_call
eth_fillTransaction
eth_accounts
eth_getBalance
eth_getTransactionCount
eth_fillTransaction
eth_accounts
eth_sendRawTransaction
eth_getTransactionReceipt

    Transaction: 0xa377c76eb4888ebbe8ac17d8323a3bf55f6b806c9687c7b4ea0d38814b62e210
    Gas used: 149698

    Block Number: 69291069
    Block Hash: 0x56e88424d3828b97735a23cdaab92e8b1d77cb72dfe5df3bdecd9106c43ce0d6
    Block Time: "Thu, 8 Oct 2026 15:31:04 +0000"

eth_blockNumber
eth_getTransactionByHash
eth_getTransactionReceipt
eth_call
eth_call
eth_call
eth_call
eth_fillTransaction
eth_accounts
eth_getBalance
eth_getTransactionCount
eth_fillTransaction
eth_accounts
eth_sendRawTransaction
eth_getTransactionReceipt

    Transaction: 0x13393f3b2df2886adb348d6eac708c69ada2cad0015a0cde3fbe4b03078bc9c2
    Gas used: 62596

    Block Number: 69291070
    Block Hash: 0x2c01e447224d8ab91d56823da8f0febc239fbc4a65d05e9e0c6596d83932eea3
    Block Time: "Thu, 8 Oct 2026 15:31:04 +0000"

eth_blockNumber
eth_getTransactionByHash
eth_getTransactionReceipt
eth_call
eth_fillTransaction
eth_accounts
eth_getBalance
eth_getTransactionCount
eth_fillTransaction
eth_accounts
eth_sendRawTransaction
eth_getTransactionReceipt

    Transaction: 0xa6bcccd7e443d8aecdcceec945781077e0179cf9b4f726e76ef792923fe61d46
    Gas used: 149698

    Block Number: 69291071
    Block Hash: 0x7e35bb4d03e26dc113778bf59ea8a8a2966b5b56877645f213c8b3e6bd61e802
    Block Time: "Thu, 8 Oct 2026 15:31:04 +0000"

eth_blockNumber
eth_getTransactionByHash
eth_getTransactionReceipt
eth_call
eth_call
eth_call
eth_call
eth_fillTransaction
eth_accounts
eth_getBalance
eth_getTransactionCount
eth_fillTransaction
eth_accounts
eth_sendRawTransaction
eth_getTransactionReceipt

    Transaction: 0xdeb1e1196baff65f3dc2c69d45175c8d112af9d8feadcda7d8e68da523f3a1b0
    Gas used: 62596

    Block Number: 69291072
    Block Hash: 0x5a6f98b0e7275cf6583fcf31f3bfb88de3f4b391b9f621b6e0ae55dd18ed84c5
    Block Time: "Thu, 8 Oct 2026 15:31:05 +0000"

eth_blockNumber
eth_getTransactionByHash
eth_getTransactionReceipt
eth_call
eth_fillTransaction
eth_accounts
eth_getBalance
eth_getTransactionCount
eth_fillTransaction
eth_accounts
eth_sendRawTransaction
eth_getTransactionReceipt

    Transaction: 0x1f599ad344e7b271129d27c9a3bfcd623eef8520b443e751eb144042809011ed
    Gas used: 149698

    Block Number: 69291073
    Block Hash: 0x75653d426b10de6732d6299dc1cbbb3fd6eb0080f0b0dff0094c98496c95fdac
    Block Time: "Thu, 8 Oct 2026 15:31:05 +0000"

eth_blockNumber
eth_getTransactionByHash
eth_getTransactionReceipt
eth_call
eth_call
eth_call
eth_call
eth_fillTransaction
eth_accounts
eth_getBalance
eth_getTransactionCount
eth_fillTransaction
eth_accounts
eth_sendRawTransaction
eth_getTransactionReceipt

    Transaction: 0x1c076d4092c76c1901a38c12a0357e2dbb99702157ebad471c3bff17fc963ea0
    Gas used: 62596

    Block Number: 69291074
    Block Hash: 0xf34c80cd82dcd411cecd0e7fc2a358ac6017adfe17750b8f174c75fd57003f2c
    Block Time: "Thu, 8 Oct 2026 15:31:06 +0000"

eth_blockNumber
eth_getTransactionByHash
eth_getTransactionReceipt
eth_call
eth_fillTransaction
eth_accounts
eth_getBalance
eth_getTransactionCount
eth_fillTransaction
eth_accounts
eth_sendRawTransaction
eth_getTransactionReceipt

    Transaction: 0xc15c46846eb72ed0a5994e9207012868711bbd03e6fdb7ba56a9123042a51bf4
    Gas used: 149698

    Block Number: 69291075
    Block Hash: 0xa53c3237ea13ab3767e4811b95760a0cc9997c5ac1f72eea6cbcdbad08305fd8
    Block Time: "Thu, 8 Oct 2026 15:31:06 +0000"

eth_blockNumber
eth_getTransactionByHash
eth_getTransactionReceipt
eth_getBlockByNumber
eth_getBlockByNumber
eth_call
eth_call
eth_call
eth_call
eth_call
eth_call
eth_call
eth_call
eth_call
eth_call
eth_call
eth_fillTransaction
eth_accounts
eth_gasPrice
eth_getBalance
eth_getTransactionCount
eth_fillTransaction
eth_accounts
eth_sendRawTransaction
eth_getTransactionReceipt

    Transaction: 0x8eb53982e6b3b579f0be459b8779e70245474735db648c02527bd2b0da3033ed
    Gas used: 528288

    Block Number: 69291076
    Block Hash: 0xe83fe8b73181fa283521b377f5d89b433bbc92a3eb79c0ece5e38f7004ac90ed
    Block Time: "Thu, 8 Oct 2026 15:31:07 +0000"

eth_blockNumber
eth_getTransactionByHash
eth_getTransactionReceipt
eth_call
eth_call
eth_call
eth_call
eth_call
eth_call
eth_call
eth_call
eth_call
eth_call
eth_call
eth_fillTransaction
eth_accounts
eth_getBalance
eth_getTransactionCount
eth_fillTransaction
eth_accounts
eth_sendRawTransaction
eth_getTransactionReceipt

    Transaction: 0xae80ab2eda8eb9ef59b68507c219cc380995c26a24b7a4d3913a183c08b90f99
    Gas used: 528189

    Block Number: 69291077
    Block Hash: 0x6ace78ead5445601305b37b76fd51e6d9aa30a6434883274657b7656ee5e5862
    Block Time: "Thu, 8 Oct 2026 15:31:07 +0000"

eth_blockNumber
eth_getTransactionByHash
eth_getTransactionReceipt
eth_call
eth_call
eth_call
eth_call
eth_call
eth_call
eth_call
eth_call
eth_call
eth_call
eth_call
eth_fillTransaction
eth_accounts
eth_getBalance
eth_getTransactionCount
eth_fillTransaction
eth_accounts
eth_sendRawTransaction
eth_getTransactionReceipt

    Transaction: 0xa3207c6cfb236dc2ca0021d729c5bd6a7ee45923acba1ab254893d3fc284ac82
    Gas used: 528232

    Block Number: 69291078
    Block Hash: 0xee84fb51dd906fb7748125fbf108d7bfb12e2743b5397ddcb89f681a970e46ca
    Block Time: "Thu, 8 Oct 2026 15:31:07 +0000"

eth_blockNumber
eth_getTransactionByHash
eth_getTransactionReceipt
eth_call
eth_call
eth_call
eth_call
eth_call
eth_call
eth_call
eth_call
eth_call
eth_call
eth_call
eth_fillTransaction
eth_accounts
eth_getBalance
eth_getTransactionCount
eth_fillTransaction
eth_accounts
eth_sendRawTransaction
eth_getTransactionReceipt

    Transaction: 0x673d32e266f6460dfcf90f51b027c9b136c5dacbafd20c5602fd7694c63be44e
    Gas used: 528249

    Block Number: 69291079
    Block Hash: 0x8c0f2928b42ba084ad4bacbff3184cb9f7cc962ca37168298abeeba0e26f6284
    Block Time: "Thu, 8 Oct 2026 15:31:07 +0000"

eth_blockNumber
eth_getTransactionByHash
eth_getTransactionReceipt
eth_call
eth_call
eth_call
eth_call
eth_call
eth_getBlockByNumber
eth_call
eth_call
eth_call
eth_call
eth_call
eth_call
eth_call
eth_call
eth_call
eth_call
eth_call
eth_call
eth_call
eth_call
eth_call
eth_call
eth_call
eth_call
eth_call
eth_call
eth_call
eth_call
eth_call
eth_call
eth_call
eth_call
eth_call
eth_call
eth_call
eth_call
eth_getBlockByNumber
eth_getBlockByNumber
eth_getBlockByNumber
eth_call
eth_call
eth_call
eth_call
eth_call
eth_call
eth_call
eth_call
eth_call
eth_call
eth_call
eth_call
eth_call
eth_call
eth_call
eth_call
eth_call
eth_call
eth_call
eth_call
eth_call
eth_call
eth_call
eth_call
eth_call
eth_call
eth_call
eth_call
eth_call
eth_call
eth_call
eth_call
eth_call
eth_call
eth_call
eth_call
eth_call
eth_call
eth_call
eth_call
eth_call
eth_call
eth_call
eth_call
eth_call
eth_getBlockByNumber
eth_call
eth_getBalance
eth_call
eth_call
eth_fillTransaction
eth_accounts
eth_sendRawTransaction
eth_getTransactionReceipt

    Transaction: 0x570a27d170abbfdc182f9609d7a12ed468aca6e9b9140def5e5fc1c24eed9c7d
    Gas used: 55049

    Block Number: 69291080
    Block Hash: 0x4ba6c6338b61b8b9af534457f191ae9e7f493f20bfc5479b1edb94e2567a2801
    Block Time: "Thu, 8 Oct 2026 15:31:09 +0000"

eth_blockNumber
eth_getTransactionByHash
eth_getTransactionReceipt
eth_fillTransaction
eth_accounts
eth_sendRawTransaction
eth_getTransactionReceipt

    Transaction: 0x5b927a5314a9692616ddd76c242e8f3e23a63ec89e786aa182cf5ea00f39efec
    Gas used: 70585

    Block Number: 69291081
    Block Hash: 0xe5d086e71e172bf3b1fdb7c507dda2be559da3d9ba35bd8830b3e8404f99f13a
    Block Time: "Thu, 8 Oct 2026 15:31:10 +0000"

eth_blockNumber
eth_getTransactionByHash
eth_getTransactionReceipt
eth_fillTransaction
eth_accounts
eth_sendRawTransaction
eth_getTransactionReceipt

    Transaction: 0x4ef9aa568f155a5e189dffbfc23e0471eba6ba0d393979ca9200c1a6cc952c16
    Gas used: 309695

    Block Number: 69291082
    Block Hash: 0x496578aeb91375f8f1be7bfba1fedcfb7f2d6c23dd8666e8c012327f22cec99d
    Block Time: "Thu, 8 Oct 2026 15:31:11 +0000"

eth_blockNumber
eth_getTransactionByHash
eth_getTransactionReceipt
eth_call
eth_getBlockByNumber
eth_getBlockByNumber
eth_call
eth_call
eth_call
eth_call
eth_call
eth_call
eth_call
eth_call
eth_call
eth_call
eth_call
eth_call
eth_call
eth_call
eth_call
eth_call
eth_call
eth_call
eth_call
eth_call
eth_call
eth_call
eth_call
eth_call
eth_call
eth_call
eth_call
eth_call
eth_call
eth_call
eth_call
eth_call
eth_call
eth_call
eth_call
eth_fillTransaction
eth_accounts
eth_gasPrice
eth_getBalance
eth_getTransactionCount
eth_fillTransaction
eth_accounts
eth_sendRawTransaction
eth_getTransactionReceipt

    Transaction: 0x1dd0314ee3c533e0b40d7ab780a42a55e9d105f1bdee439cdba0e309934cfe8b
    Gas used: 467026

    Block Number: 69291083
    Block Hash: 0x4cc4d7b4dfd4f8774e322a66b9c4bda16c1d0deec7ee14dd1223bd840ceda365
    Block Time: "Thu, 8 Oct 2026 15:31:11 +0000"

eth_blockNumber
eth_getTransactionByHash
eth_getTransactionReceipt
eth_call
eth_call
eth_call
eth_call
eth_call
eth_call
eth_call
eth_call
eth_call
eth_call
eth_call
eth_call
eth_getBlockByNumber
eth_call
eth_getBalance
eth_call
eth_call
eth_getBlockByNumber
eth_getBlockByNumber
eth_call
eth_call
eth_call
eth_call
eth_call
eth_call
eth_call
eth_call
eth_call
eth_call
eth_fillTransaction
eth_accounts
eth_gasPrice
eth_getBalance
eth_getTransactionCount
eth_fillTransaction
eth_accounts
eth_sendRawTransaction
eth_getTransactionReceipt

    Transaction: 0x15d1ef1af04025cc0b41318dd2fdf323c5c25ab43e029ef935fdcb467d5451ff
    Gas used: 248833

    Block Number: 69291084
    Block Hash: 0xdb0c91985a82a2ce365d879aa70625563a4790541cab2b4531beae7d708107b6
    Block Time: "Thu, 8 Oct 2026 15:31:11 +0000"

eth_blockNumber
eth_getTransactionByHash
eth_getTransactionReceipt
eth_call
eth_call
eth_call
eth_call
eth_call
eth_call
eth_call
eth_call
eth_call
eth_call
eth_call
eth_call
eth_call
eth_fillTransaction
eth_accounts
eth_getBalance
eth_getTransactionCount
eth_fillTransaction
eth_accounts
eth_sendRawTransaction
eth_getTransactionReceipt

    Transaction: 0xde4daccf087b4857bd65981353357c429c4b2dd53b83d5b0da5342ab25767973
    Gas used: 514920

    Block Number: 69291085
    Block Hash: 0x8f6876ae6160c4e8e9cf73150ac04257150f28b362d9c2fbacd6660da83e8306
    Block Time: "Thu, 8 Oct 2026 15:31:12 +0000"

eth_blockNumber
eth_getTransactionByHash
eth_getTransactionReceipt
eth_call
eth_call
eth_call
eth_call
eth_call
eth_call
eth_call
eth_call
eth_call
eth_call
eth_call
eth_call
eth_call
eth_fillTransaction
eth_accounts
eth_getBalance
eth_getTransactionCount
eth_fillTransaction
eth_accounts
eth_sendRawTransaction
eth_getTransactionReceipt

    Transaction: 0xa22a386dc18f94e0019388c233fa277c3fd0f90fcf482fe90a62869cc4b72d92
    Gas used: 514907

    Block Number: 69291086
    Block Hash: 0x0640249e1f7ee238c85fa7b64d0cb948d56cc962581ff2dd9fc69455d75f7937
    Block Time: "Thu, 8 Oct 2026 15:31:12 +0000"

eth_blockNumber
eth_getTransactionByHash
eth_getTransactionReceipt
eth_call
eth_call
eth_call
eth_call
eth_call
eth_call
eth_call
eth_call
eth_call
eth_call
eth_call
eth_call
eth_getBlockByNumber
eth_call
eth_getBalance
eth_call
eth_call
eth_getBlockByNumber
evm_increaseTime
evm_mine

    Block Number: 69291087
    Block Hash: 0x730c5d3033169d865c325f1c3ee7044c5f15b5db1d365f4f3a6de147150b3795
    Block Time: "Sat, 10 Oct 2026 09:20:04 +0000"

eth_getBlockByNumber
eth_call
eth_call
eth_call
eth_call
eth_call
eth_call
eth_call
eth_call
eth_call
eth_fillTransaction
eth_accounts
eth_getBalance
eth_getTransactionCount
eth_fillTransaction
eth_accounts
eth_sendRawTransaction
eth_getTransactionReceipt

    Transaction: 0xcb9ba007740db488d59496262db1bf982ff9f9da1c908feb1822eb3b52a89f60
    Gas used: 248833

    Block Number: 69291088
    Block Hash: 0xd46d60fa4c53756ae58d290e46da1d2f0187fbba08245456dc6e61ef5db00e6a
    Block Time: "Sat, 10 Oct 2026 09:20:04 +0000"

eth_blockNumber
eth_getTransactionByHash
eth_getTransactionReceipt
eth_call
eth_call
eth_call
eth_call
eth_call
eth_call
eth_call
eth_call
eth_call
eth_call
eth_call
eth_fillTransaction
eth_accounts
eth_getBalance
eth_getTransactionCount
eth_fillTransaction
eth_accounts
eth_sendRawTransaction
eth_getTransactionReceipt

    Transaction: 0xacb7b19c15cce069411eaeac0d6acc3856fcc110fcef183ca64f2d54fdebb011
    Gas used: 248833

    Block Number: 69291089
    Block Hash: 0x42c4f9dfb1d27329cfcb1588566a133967cf359b2a70c7845bffb56f0a037e89
    Block Time: "Sat, 10 Oct 2026 09:20:05 +0000"

eth_blockNumber
eth_getTransactionByHash
eth_getTransactionReceipt
eth_call
eth_call
eth_call
eth_call
eth_call
eth_call
eth_call
eth_call
eth_call
eth_call
eth_call
eth_fillTransaction
eth_accounts
eth_getBalance
eth_getTransactionCount
eth_fillTransaction
eth_accounts
eth_sendRawTransaction
eth_getTransactionReceipt

    Transaction: 0x1c1386ce9c13c6543d3913fef8a1fb04e49998ad074043b4c077adffac1e685c
    Gas used: 248833

    Block Number: 69291090
    Block Hash: 0x129c0feee0d5a6869dcb5ab74e22decb17cf2e095b139ed249bb6fdece214365
    Block Time: "Sat, 10 Oct 2026 09:20:05 +0000"

eth_blockNumber
eth_getTransactionByHash
eth_getTransactionReceipt
eth_call
eth_call
eth_call
eth_call
eth_call
eth_call
eth_call
eth_call
eth_call
eth_call
eth_fillTransaction
eth_accounts
eth_getBalance
eth_getTransactionCount
eth_fillTransaction
eth_accounts
eth_sendRawTransaction
eth_getTransactionReceipt

    Transaction: 0xbad73d01280777fd965fb2287b442fd4f5b4f589f6e3314873ecfb3028338493
    Gas used: 327148

    Block Number: 69291091
    Block Hash: 0x04dd14242536f034fea40606f2aa666e9d76a4d97c76e7363c0e5209b814077c
    Block Time: "Sat, 10 Oct 2026 09:20:05 +0000"

eth_blockNumber
eth_getTransactionByHash
eth_getTransactionReceipt
eth_getBlockByNumber
eth_getBlockByNumber
eth_call
eth_call
eth_call
eth_call
eth_call
eth_call
eth_call
eth_call
eth_call
eth_call
eth_call
eth_call
eth_call
eth_call
eth_call
eth_call
eth_call
eth_call
eth_call
eth_call
eth_getBlockByNumber
eth_getBlockByNumber
eth_call
eth_getBalance
eth_call
eth_call
