05:22:06 isotherm-maker roll rpc=http://127.0.0.1:19152 (anvil/v1.8.5, anvil) deployment=v1 vault=0xae36cf0a163bAfCde4D40a6Ab7b5E3C762ad7B39 maker=0xd572638F07829D1c3636400FB73CF34Ca6c7448a
05:22:06 roll RCSS:20261008 [preflight] done: v1 deployment (<repo>/deployments/testnet.json); operator=operator 0x602dbf3937558B1d18d76315635fD5410089bd51, market creator=operator, maker=0xd572638F07829D1c3636400FB73CF34Ca6c7448a; close 17:30 local (warm (May-Oct) t99 over 368 complete days 2024-10-01..2026-09-30); Zap registry yes
05:22:07 roll RCSS:20261008 [plan] done: strikes [28,29,30,31] (Polymarket median 29 (https://polymarket.com/event/highest-temperature-in-taipei-on-october-8-2026, fetched 2026-10-07T05:22:07.508Z): P(>=k) 28:0.949 29:0.848 30:0.468 31:0.092)
05:22:11 tx operator      createLadder RCSS 20261008 [28,29,30,31]         used  1081749 limit  1189924 0.1056 MON 278ms 0x4790e6a382…
05:22:11 roll RCSS:20261008 [series] sent: createLadder for [28,29,30,31]
05:22:13 tx maker         approve 0xa9012a -> 0xae36cf                     used    70585 limit    74580 0.0058 MON 354ms 0xf2991f42e1…
05:22:13 tx maker         mintSet >=28 x300                                used   294093 limit   308798 0.0211 MON 368ms 0x9e0d45dd45…
05:22:14 tx maker         mintSet >=29 x300                                used   277093 limit   290948 0.0174 MON 276ms 0xd8cdbba0b8…
05:22:14 tx maker         mintSet >=30 x300                                used   277081 limit   290936 0.0153 MON 297ms 0x3144a7f72b…
05:22:14 tx maker         mintSet >=31 x300                                used   277093 limit   290948 0.0134 MON 269ms 0x8267f3d5dc…
05:22:14 roll RCSS:20261008 [mint] sent: minted >=28:300 >=29:300 >=30:300 >=31:300 complete sets
05:22:17 tx marketCreator Kuru deployProxy YES>=28/AUSD                    used  1310524 limit  1463699 0.0594 MON 272ms 0x2d9eae3e4a…
05:22:17 roll RCSS:20261008 [market] sent: >=28: Kuru market 0x171b4cdE3724f2F17576439e6de8c36142A7DBd7
05:22:19 tx marketCreator Kuru deployProxy YES>=29/AUSD                    used  1310536 limit  1463712 0.0523 MON 303ms 0x3177733aba…
05:22:19 roll RCSS:20261008 [market] sent: >=29: Kuru market 0x855eF3549eA5ACA5602EAefDD988950f16FCc6c2
05:22:21 tx marketCreator Kuru deployProxy YES>=30/AUSD                    used  1310536 limit  1463712 0.0460 MON 296ms 0x3d86e6e505…
05:22:21 roll RCSS:20261008 [market] sent: >=30: Kuru market 0x702A7a87EDb18D733c624bF766020F3b66eb36DC
05:22:24 tx marketCreator Kuru deployProxy YES>=31/AUSD                    used  1310536 limit  1463712 0.0405 MON 396ms 0x7cd80535a7…
05:22:24 roll RCSS:20261008 [market] sent: >=31: Kuru market 0x4f5Ef4Bf256BDD88492C1e394B0D0f06A8265813
05:22:24 tx operator      Zap.setCanonicalMarket >=28                      used   122039 limit   134243 0.0033 MON 291ms 0xb6cd998873…
05:22:24 tx operator      Zap.setCanonicalMarket >=29                      used   122039 limit   134243 0.0029 MON 296ms 0x89774d167a…
05:22:24 tx operator      Zap.setCanonicalMarket >=30                      used   122027 limit   134230 0.0025 MON 289ms 0xb0d21b087b…
05:22:25 tx operator      Zap.setCanonicalMarket >=31                      used   122039 limit   134243 0.0022 MON 278ms 0xb822350822…
05:22:25 roll RCSS:20261008 [canonical] done: Zap 0x1ACaf47987Fe570df5d136Ae1CaC0D45E2B8CFb0 canonical market set for [28,29,30,31]
05:22:25 tx maker         margin.deposit AUSD 400                          used   131244 limit   139291 0.0021 MON 277ms 0x6eda739b08…
05:22:26 tx maker         approve 0x67A911 -> 0xd029C2                     used    62596 limit    66197 0.0009 MON 309ms 0x4be71c9368…
05:22:26 tx maker         margin.deposit YES>=28 300                       used   149686 limit   158990 0.0018 MON 291ms 0x4028585eef…
05:22:26 tx maker         approve 0x9D4c41 -> 0xd029C2                     used    62596 limit    66197 0.0007 MON 266ms 0x8de7acb283…
05:22:27 tx maker         margin.deposit YES>=29 300                       used   149698 limit   159003 0.0014 MON 267ms 0x8da426217f…
05:22:27 tx maker         approve 0xe1f9a7 -> 0xd029C2                     used    62596 limit    66197 0.0005 MON 269ms 0x01186b1641…
05:22:27 tx maker         margin.deposit YES>=30 300                       used   149698 limit   159003 0.0011 MON 293ms 0x57b9c0535c…
05:22:28 tx maker         approve 0xCC10a4 -> 0xd029C2                     used    62596 limit    66197 0.0004 MON 295ms 0x9f7ae2343a…
05:22:28 tx maker         margin.deposit YES>=31 300                       used   149698 limit   159003 0.0009 MON 294ms 0xa64042f1f0…
05:22:28 roll RCSS:20261008 [margin] done: margin AUSD >= 400, YES 300 per strike
05:22:30 tx maker         quote >=28 100@0.91 / 100@0.98                   used   528288 limit   562783 0.0029 MON 278ms 0x1d83e92125…
05:22:30 tx maker         quote >=29 100@0.81 / 100@0.88                   used   528348 limit   562847 0.0026 MON 299ms 0xb613b896b0…
05:22:30 tx maker         quote >=30 100@0.43 / 100@0.5                    used   528275 limit   562769 0.0024 MON 273ms 0x0cba8ae56e…
05:22:30 tx maker         quote >=31 100@0.06 / 100@0.13                   used   528249 limit   562741 0.0021 MON 301ms 0x6e5620cb83…
05:22:30 roll RCSS:20261008 [quotes] done: >=28:quote >=29:quote >=30:quote >=31:quote
